Component: ARM Compiler 5.06 update 7 (build 960) Tool: armlink [4d3601]

==============================================================================

Section Cross References

    startup_stm32g474xx.o(RESET) refers to startup_stm32g474xx.o(STACK) for __initial_sp
    startup_stm32g474xx.o(RESET) refers to startup_stm32g474xx.o(.text) for Reset_Handler
    startup_stm32g474xx.o(RESET) refers to stm32g4xx_it.o(i.NMI_Handler) for NMI_Handler
    startup_stm32g474xx.o(RESET) refers to stm32g4xx_it.o(i.HardFault_Handler) for HardFault_Handler
    startup_stm32g474xx.o(RESET) refers to stm32g4xx_it.o(i.MemManage_Handler) for MemManage_Handler
    startup_stm32g474xx.o(RESET) refers to stm32g4xx_it.o(i.BusFault_Handler) for BusFault_Handler
    startup_stm32g474xx.o(RESET) refers to stm32g4xx_it.o(i.UsageFault_Handler) for UsageFault_Handler
    startup_stm32g474xx.o(RESET) refers to stm32g4xx_it.o(i.SVC_Handler) for SVC_Handler
    startup_stm32g474xx.o(RESET) refers to stm32g4xx_it.o(i.DebugMon_Handler) for DebugMon_Handler
    startup_stm32g474xx.o(RESET) refers to stm32g4xx_it.o(i.PendSV_Handler) for PendSV_Handler
    startup_stm32g474xx.o(RESET) refers to stm32g4xx_it.o(i.SysTick_Handler) for SysTick_Handler
    startup_stm32g474xx.o(RESET) refers to stm32g4xx_it.o(i.DMA1_Channel2_IRQHandler) for DMA1_Channel2_IRQHandler
    startup_stm32g474xx.o(RESET) refers to stm32g4xx_it.o(i.DMA1_Channel3_IRQHandler) for DMA1_Channel3_IRQHandler
    startup_stm32g474xx.o(RESET) refers to stm32g4xx_it.o(i.DMA1_Channel4_IRQHandler) for DMA1_Channel4_IRQHandler
    startup_stm32g474xx.o(RESET) refers to stm32g4xx_it.o(i.DMA1_Channel7_IRQHandler) for DMA1_Channel7_IRQHandler
    startup_stm32g474xx.o(RESET) refers to stm32g4xx_it.o(i.TIM1_UP_TIM16_IRQHandler) for TIM1_UP_TIM16_IRQHandler
    startup_stm32g474xx.o(RESET) refers to stm32g4xx_it.o(i.TIM3_IRQHandler) for TIM3_IRQHandler
    startup_stm32g474xx.o(RESET) refers to stm32g4xx_it.o(i.USART1_IRQHandler) for USART1_IRQHandler
    startup_stm32g474xx.o(RESET) refers to stm32g4xx_it.o(i.USART2_IRQHandler) for USART2_IRQHandler
    startup_stm32g474xx.o(RESET) refers to stm32g4xx_it.o(i.TIM8_UP_IRQHandler) for TIM8_UP_IRQHandler
    startup_stm32g474xx.o(RESET) refers to stm32g4xx_it.o(i.UART4_IRQHandler) for UART4_IRQHandler
    startup_stm32g474xx.o(RESET) refers to stm32g4xx_it.o(i.UART5_IRQHandler) for UART5_IRQHandler
    startup_stm32g474xx.o(RESET) refers to stm32g4xx_it.o(i.TIM6_DAC_IRQHandler) for TIM6_DAC_IRQHandler
    startup_stm32g474xx.o(RESET) refers to stm32g4xx_it.o(i.TIM7_DAC_IRQHandler) for TIM7_DAC_IRQHandler
    startup_stm32g474xx.o(RESET) refers to stm32g4xx_it.o(i.DMA2_Channel2_IRQHandler) for DMA2_Channel2_IRQHandler
    startup_stm32g474xx.o(RESET) refers to stm32g4xx_it.o(i.DMA2_Channel7_IRQHandler) for DMA2_Channel7_IRQHandler
    startup_stm32g474xx.o(.text) refers to system_stm32g4xx.o(i.SystemInit) for SystemInit
    startup_stm32g474xx.o(.text) refers to entry.o(.ARM.Collect$$$$00000000) for __main
    main.o(i.HAL_UART_RxCpltCallback) refers to stm32g4xx_hal_uart.o(i.HAL_UART_Receive_IT) for HAL_UART_Receive_IT
    main.o(i.HAL_UART_RxCpltCallback) refers to main.o(.data) for .data
    main.o(i.HAL_UART_RxCpltCallback) refers to main.o(.bss) for .bss
    main.o(i.HAL_UART_RxCpltCallback) refers to usart.o(.bss) for huart1
    main.o(i.Motor1_Set_angle) refers to stm32g4xx_hal_gpio.o(i.HAL_GPIO_WritePin) for HAL_GPIO_WritePin
    main.o(i.Motor1_Set_angle) refers to stm32g4xx_hal_tim.o(i.HAL_TIM_Base_Start_IT) for HAL_TIM_Base_Start_IT
    main.o(i.Motor1_Set_angle) refers to stm32g4xx_hal_tim.o(i.HAL_TIM_PWM_Start) for HAL_TIM_PWM_Start
    main.o(i.Motor1_Set_angle) refers to main.o(.data) for .data
    main.o(i.Motor1_Set_angle) refers to tim.o(.bss) for htim8
    main.o(i.Motor2_Set_angle) refers to stm32g4xx_hal_gpio.o(i.HAL_GPIO_WritePin) for HAL_GPIO_WritePin
    main.o(i.Motor2_Set_angle) refers to stm32g4xx_hal_tim.o(i.HAL_TIM_Base_Start_IT) for HAL_TIM_Base_Start_IT
    main.o(i.Motor2_Set_angle) refers to stm32g4xx_hal_tim.o(i.HAL_TIM_PWM_Start) for HAL_TIM_PWM_Start
    main.o(i.Motor2_Set_angle) refers to main.o(.data) for .data
    main.o(i.Motor2_Set_angle) refers to tim.o(.bss) for htim3
    main.o(i.SystemClock_Config) refers to memseta.o(.text) for __aeabi_memclr4
    main.o(i.SystemClock_Config) refers to stm32g4xx_hal_pwr_ex.o(i.HAL_PWREx_ControlVoltageScaling) for HAL_PWREx_ControlVoltageScaling
    main.o(i.SystemClock_Config) refers to stm32g4xx_hal_rcc.o(i.HAL_RCC_OscConfig) for HAL_RCC_OscConfig
    main.o(i.SystemClock_Config) refers to main.o(i.Error_Handler) for Error_Handler
    main.o(i.SystemClock_Config) refers to stm32g4xx_hal_rcc.o(i.HAL_RCC_ClockConfig) for HAL_RCC_ClockConfig
    main.o(i.fputc) refers to stm32g4xx_hal_uart.o(i.HAL_UART_Transmit) for HAL_UART_Transmit
    main.o(i.fputc) refers to usart.o(.bss) for huart1
[...]
    .text                                    0x080004a4   Section        0  _sgetc.o(.text)
    .text                                    0x080004e4   Section       36  init.o(.text)
    .text                                    0x08000508   Section        0  isspace_c.o(.text)
    .text                                    0x08000514   Section        0  _scanf.o(.text)
    .text                                    0x08000844   Section        0  ctype_c.o(.text)
    i.BusFault_Handler                       0x0800086c   Section        0  stm32g4xx_it.o(i.BusFault_Handler)
    i.DMA1_Channel2_IRQHandler               0x08000870   Section        0  stm32g4xx_it.o(i.DMA1_Channel2_IRQHandler)
    i.DMA1_Channel3_IRQHandler               0x0800087c   Section        0  stm32g4xx_it.o(i.DMA1_Channel3_IRQHandler)
    i.DMA1_Channel4_IRQHandler               0x08000888   Section        0  stm32g4xx_it.o(i.DMA1_Channel4_IRQHandler)
    i.DMA1_Channel7_IRQHandler               0x08000894   Section        0  stm32g4xx_it.o(i.DMA1_Channel7_IRQHandler)
    i.DMA2_Channel2_IRQHandler               0x080008a0   Section        0  stm32g4xx_it.o(i.DMA2_Channel2_IRQHandler)
    i.DMA2_Channel7_IRQHandler               0x080008ac   Section        0  stm32g4xx_it.o(i.DMA2_Channel7_IRQHandler)
    i.DMA_CalcDMAMUXChannelBaseAndMask       0x080008b8   Section        0  stm32g4xx_hal_dma.o(i.DMA_CalcDMAMUXChannelBaseAndMask)
    DMA_CalcDMAMUXChannelBaseAndMask         0x080008b9   Thumb Code    54  stm32g4xx_hal_dma.o(i.DMA_CalcDMAMUXChannelBaseAndMask)
    i.DMA_CalcDMAMUXRequestGenBaseAndMask    0x080008f8   Section        0  stm32g4xx_hal_dma.o(i.DMA_CalcDMAMUXRequestGenBaseAndMask)
    DMA_CalcDMAMUXRequestGenBaseAndMask      0x080008f9   Thumb Code    30  stm32g4xx_hal_dma.o(i.DMA_CalcDMAMUXRequestGenBaseAndMask)
    i.DMA_SetConfig                          0x0800091c   Section        0  stm32g4xx_hal_dma.o(i.DMA_SetConfig)
    DMA_SetConfig                            0x0800091d   Thumb Code    66  stm32g4xx_hal_dma.o(i.DMA_SetConfig)
    i.DebugMon_Handler                       0x0800095e   Section        0  stm32g4xx_it.o(i.DebugMon_Handler)
    i.Error_Handler                          0x08000960   Section        0  main.o(i.Error_Handler)
    i.HAL_DMA_Abort                          0x08000964   Section        0  stm32g4xx_hal_dma.o(i.HAL_DMA_Abort)
    i.HAL_DMA_Abort_IT                       0x080009cc   Section        0  stm32g4xx_hal_dma.o(i.HAL_DMA_Abort_IT)
    i.HAL_DMA_GetError                       0x08000a42   Section        0  stm32g4xx_hal_dma.o(i.HAL_DMA_GetError)
    i.HAL_DMA_IRQHandler                     0x08000a46   Section        0  stm32g4xx_hal_dma.o(i.HAL_DMA_IRQHandler)
    i.HAL_DMA_Init                           0x08000b14   Section        0  stm32g4xx_hal_dma.o(i.HAL_DMA_Init)
    i.HAL_DMA_Start_IT                       0x08000bd4   Section        0  stm32g4xx_hal_dma.o(i.HAL_DMA_Start_IT)
    i.HAL_Delay                              0x08000c64   Section        0  stm32g4xx_hal.o(i.HAL_Delay)
    i.HAL_GPIO_Init                          0x08000c88   Section        0  stm32g4xx_hal_gpio.o(i.HAL_GPIO_Init)
    i.HAL_GPIO_ReadPin                       0x08000e38   Section        0  stm32g4xx_hal_gpio.o(i.HAL_GPIO_ReadPin)
    i.HAL_GPIO_WritePin                      0x08000e46   Section        0  stm32g4xx_hal_gpio.o(i.HAL_GPIO_WritePin)
    i.HAL_GetTick                            0x08000e54   Section        0  stm32g4xx_hal.o(i.HAL_GetTick)
    i.HAL_IncTick                            0x08000e60   Section        0  stm32g4xx_hal.o(i.HAL_IncTick)
    i.HAL_Init                               0x08000e70   Section        0  stm32g4xx_hal.o(i.HAL_Init)
    i.HAL_InitTick                           0x08000e90   Section        0  stm32g4xx_hal.o(i.HAL_InitTick)
    i.HAL_MspInit                            0x08000edc   Section        0  stm32g4xx_hal_msp.o(i.HAL_MspInit)
    i.HAL_NVIC_EnableIRQ                     0x08000f0c   Section        0  stm32g4xx_hal_cortex.o(i.HAL_NVIC_EnableIRQ)
    i.HAL_NVIC_SetPriority                   0x08000f28   Section        0  stm32g4xx_hal_cortex.o(i.HAL_NVIC_SetPriority)
    i.HAL_NVIC_SetPriorityGrouping           0x08000f68   Section        0  stm32g4xx_hal_cortex.o(i.HAL_NVIC_SetPriorityGrouping)
    i.HAL_PWREx_ControlVoltageScaling        0x08000f8c   Section        0  stm32g4xx_hal_pwr_ex.o(i.HAL_PWREx_ControlVoltageScaling)
    i.HAL_PWREx_DisableUCPDDeadBattery       0x08001058   Section        0  stm32g4xx_hal_pwr_ex.o(i.HAL_PWREx_DisableUCPDDeadBattery)
    i.HAL_RCCEx_PeriphCLKConfig              0x08001068   Section        0  stm32g4xx_hal_rcc_ex.o(i.HAL_RCCEx_PeriphCLKConfig)
    i.HAL_RCC_ClockConfig                    0x08001378   Section        0  stm32g4xx_hal_rcc.o(i.HAL_RCC_ClockConfig)
    i.HAL_RCC_GetHCLKFreq                    0x08001540   Section        0  stm32g4xx_hal_rcc.o(i.HAL_RCC_GetHCLKFreq)
    i.HAL_RCC_GetPCLK1Freq                   0x0800154c   Section        0  stm32g4xx_hal_rcc.o(i.HAL_RCC_GetPCLK1Freq)
    i.HAL_RCC_GetPCLK2Freq                   0x08001570   Section        0  stm32g4xx_hal_rcc.o(i.HAL_RCC_GetPCLK2Freq)
    i.HAL_RCC_GetSysClockFreq                0x08001594   Section        0  stm32g4xx_hal_rcc.o(i.HAL_RCC_GetSysClockFreq)
    i.HAL_RCC_OscConfig                      0x08001608   Section        0  stm32g4xx_hal_rcc.o(i.HAL_RCC_OscConfig)
    i.HAL_SYSTICK_Config                     0x08001a58   Section        0  stm32g4xx_hal_cortex.o(i.HAL_SYSTICK_Config)
    i.HAL_TIMEx_Break2Callback               0x08001a80   Section        0  stm32g4xx_hal_tim_ex.o(i.HAL_TIMEx_Break2Callback)
    i.HAL_TIMEx_BreakCallback                0x08001a82   Section        0  stm32g4xx_hal_tim_ex.o(i.HAL_TIMEx_BreakCallback)
    i.HAL_TIMEx_CommutCallback               0x08001a84   Section        0  stm32g4xx_hal_tim_ex.o(i.HAL_TIMEx_CommutCallback)
    i.HAL_TIMEx_ConfigBreakDeadTime          0x08001a88   Section        0  stm32g4xx_hal_tim_ex.o(i.HAL_TIMEx_ConfigBreakDeadTime)
    i.HAL_TIMEx_DirectionChangeCallback      0x08001b30   Section        0  stm32g4xx_hal_tim_ex.o(i.HAL_TIMEx_DirectionChangeCallback)
    i.HAL_TIMEx_EncoderIndexCallback         0x08001b32   Section        0  stm32g4xx_hal_tim_ex.o(i.HAL_TIMEx_EncoderIndexCallback)
    i.HAL_TIMEx_IndexErrorCallback           0x08001b34   Section        0  stm32g4xx_hal_tim_ex.o(i.HAL_TIMEx_IndexErrorCallback)
    i.HAL_TIMEx_MasterConfigSynchronization  0x08001b38   Section        0  stm32g4xx_hal_tim_ex.o(i.HAL_TIMEx_MasterConfigSynchronization)
    i.HAL_TIMEx_TransitionErrorCallback      0x08001bf0   Section        0  stm32g4xx_hal_tim_ex.o(i.HAL_TIMEx_TransitionErrorCallback)
    i.HAL_TIM_Base_Init                      0x08001bf2   Section        0  stm32g4xx_hal_tim.o(i.HAL_TIM_Base_Init)
    i.HAL_TIM_Base_MspInit                   0x08001c40   Section        0  tim.o(i.HAL_TIM_Base_MspInit)
    i.HAL_TIM_Base_Start_IT                  0x08001d34   Section        0  stm32g4xx_hal_tim.o(i.HAL_TIM_Base_Start_IT)
    i.HAL_TIM_Base_Stop_IT                   0x08001dc8   Section        0  stm32g4xx_hal_tim.o(i.HAL_TIM_Base_Stop_IT)
    i.HAL_TIM_ConfigClockSource              0x08001df8   Section        0  stm32g4xx_hal_tim.o(i.HAL_TIM_ConfigClockSource)
    i.HAL_TIM_IC_CaptureCallback             0x08001ef0   Section        0  stm32g4xx_hal_tim.o(i.HAL_TIM_IC_CaptureCallback)
    i.HAL_TIM_IRQHandler                     0x08001ef2   Section        0  stm32g4xx_hal_tim.o(i.HAL_TIM_IRQHandler)
    i.HAL_TIM_MspPostInit                    0x0800209c   Section        0  tim.o(i.HAL_TIM_MspPostInit)
    i.HAL_TIM_OC_DelayElapsedCallback        0x0800211c   Section        0  stm32g4xx_hal_tim.o(i.HAL_TIM_OC_DelayElapsedCallback)
    i.HAL_TIM_PWM_ConfigChannel              0x0800211e   Section        0  stm32g4xx_hal_tim.o(i.HAL_TIM_PWM_ConfigChannel)
    i.HAL_TIM_PWM_Init                       0x08002254   Section        0  stm32g4xx_hal_tim.o(i.HAL_TIM_PWM_Init)
    i.HAL_TIM_PWM_MspInit                    0x080022a2   Section        0  stm32g4xx_hal_tim.o(i.HAL_TIM_PWM_MspInit)
    i.HAL_TIM_PWM_PulseFinishedCallback      0x080022a4   Section        0  stm32g4xx_hal_tim.o(i.HAL_TIM_PWM_PulseFinishedCallback)
    i.HAL_TIM_PWM_Start                      0x080022a8   Section        0  stm32g4xx_hal_tim.o(i.HAL_TIM_PWM_Start)
    i.HAL_TIM_PWM_Stop                       0x080023d4   Section        0  stm32g4xx_hal_tim.o(i.HAL_TIM_PWM_Stop)
    i.HAL_TIM_PeriodElapsedCallback          0x0800248c   Section        0  interrupt.o(i.HAL_TIM_PeriodElapsedCallback)
    i.HAL_TIM_TriggerCallback                0x08002644   Section        0  stm32g4xx_hal_tim.o(i.HAL_TIM_TriggerCallback)
    i.HAL_UARTEx_DisableFifoMode             0x08002646   Section        0  stm32g4xx_hal_uart_ex.o(i.HAL_UARTEx_DisableFifoMode)
    i.HAL_UARTEx_RxEventCallback             0x08002684   Section        0  stm32g4xx_hal_uart.o(i.HAL_UARTEx_RxEventCallback)
    i.HAL_UARTEx_RxFifoFullCallback          0x08002686   Section        0  stm32g4xx_hal_uart_ex.o(i.HAL_UARTEx_RxFifoFullCallback)
    i.HAL_UARTEx_SetRxFifoThreshold          0x08002688   Section        0  stm32g4xx_hal_uart_ex.o(i.HAL_UARTEx_SetRxFifoThreshold)
    i.HAL_UARTEx_SetTxFifoThreshold          0x080026d4   Section        0  stm32g4xx_hal_uart_ex.o(i.HAL_UARTEx_SetTxFifoThreshold)
    i.HAL_UARTEx_TxFifoEmptyCallback         0x08002720   Section        0  stm32g4xx_hal_uart_ex.o(i.HAL_UARTEx_TxFifoEmptyCallback)
    i.HAL_UARTEx_WakeupCallback              0x08002722   Section        0  stm32g4xx_hal_uart_ex.o(i.HAL_UARTEx_WakeupCallback)
    i.HAL_UART_DMAStop                       0x08002724   Section        0  stm32g4xx_hal_uart.o(i.HAL_UART_DMAStop)
    i.HAL_UART_ErrorCallback                 0x080027c2   Section        0  stm32g4xx_hal_uart.o(i.HAL_UART_ErrorCallback)
    i.HAL_UART_IRQHandler                    0x080027c4   Section        0  stm32g4xx_hal_uart.o(i.HAL_UART_IRQHandler)
    i.HAL_UART_Init                          0x08002ae8   Section        0  stm32g4xx_hal_uart.o(i.HAL_UART_Init)
    i.HAL_UART_MspInit                       0x08002b58   Section        0  usart.o(i.HAL_UART_MspInit)
    i.HAL_UART_Receive_DMA                   0x08002ed4   Section        0  stm32g4xx_hal_uart.o(i.HAL_UART_Receive_DMA)
    i.HAL_UART_Receive_IT                    0x08002f1c   Section        0  stm32g4xx_hal_uart.o(i.HAL_UART_Receive_IT)
    i.HAL_UART_RxCpltCallback                0x08002f64   Section        0  main.o(i.HAL_UART_RxCpltCallback)
    i.HAL_UART_RxHalfCpltCallback            0x08002f98   Section        0  stm32g4xx_hal_uart.o(i.HAL_UART_RxHalfCpltCallback)
    i.HAL_UART_Transmit                      0x08002f9a   Section        0  stm32g4xx_hal_uart.o(i.HAL_UART_Transmit)
    i.HAL_UART_Transmit_DMA                  0x08003054   Section        0  stm32g4xx_hal_uart.o(i.HAL_UART_Transmit_DMA)
    i.HAL_UART_TxCpltCallback                0x080030e4   Section        0  stm32g4xx_hal_uart.o(i.HAL_UART_TxCpltCallback)
    i.HAL_UART_TxHalfCpltCallback            0x080030e6   Section        0  stm32g4xx_hal_uart.o(i.HAL_UART_TxHalfCpltCallback)
    i.HardFault_Handler                      0x080030e8   Section        0  stm32g4xx_it.o(i.HardFault_Handler)
    i.MX_DMA_Init                            0x080030ec   Section        0  dma.o(i.MX_DMA_Init)
    i.MX_GPIO_Init                           0x080031e0   Section        0  gpio.o(i.MX_GPIO_Init)
    i.MX_TIM1_Init                           0x08003284   Section        0  tim.o(i.MX_TIM1_Init)
    i.MX_TIM3_Init                           0x080032f0   Section        0  tim.o(i.MX_TIM3_Init)
    i.MX_TIM6_Init                           0x0800338c   Section        0  tim.o(i.MX_TIM6_Init)
    i.MX_TIM7_Init                           0x080033d4   Section        0  tim.o(i.MX_TIM7_Init)
    i.MX_TIM8_Init                           0x0800341c   Section        0  tim.o(i.MX_TIM8_Init)
    i.MX_UART4_Init                          0x080034f8   Section        0  usart.o(i.MX_UART4_Init)
    i.MX_UART5_Init                          0x08003560   Section        0  usart.o(i.MX_UART5_Init)
    i.MX_USART1_UART_Init                    0x080035c8   Section        0  usart.o(i.MX_USART1_UART_Init)
    i.MX_USART2_UART_Init                    0x08003630   Section        0  usart.o(i.MX_USART2_UART_Init)
    i.MemManage_Handler                      0x08003698   Section        0  stm32g4xx_it.o(i.MemManage_Handler)
    i.Motor1_Set_angle                       0x0800369c   Section        0  main.o(i.Motor1_Set_angle)
    i.Motor2_Set_angle                       0x08003710   Section        0  main.o(i.Motor2_Set_angle)
    i.NMI_Handler                            0x08003784   Section        0  stm32g4xx_it.o(i.NMI_Handler)
    i.PID_Control                            0x08003788   Section        0  pid.o(i.PID_Control)
    PID_Control                              0x08003789   Thumb Code   146  pid.o(i.PID_Control)
    i.PID_ControlLoop_X                      0x0800382c   Section        0  pid.o(i.PID_ControlLoop_X)
    i.PID_ControlLoop_Y                      0x080038c8   Section        0  pid.o(i.PID_ControlLoop_Y)
    i.PID_Control_x                          0x08003964   Section        0  pid.o(i.PID_Control_x)
    i.PID_Control_y                          0x08003988   Section        0  pid.o(i.PID_Control_y)
    i.PID_to_PSC                             0x080039ac   Section        0  pid.o(i.PID_to_PSC)
    PID_to_PSC                               0x080039ad   Thumb Code    92  pid.o(i.PID_to_PSC)
    i.PendSV_Handler                         0x08003a1c   Section        0  stm32g4xx_it.o(i.PendSV_Handler)
    i.RCC_GetSysClockFreqFromPLLSource       0x08003a20   Section        0  stm32g4xx_hal_rcc.o(i.RCC_GetSysClockFreqFromPLLSource)
    RCC_GetSysClockFreqFromPLLSource         0x08003a21   Thumb Code    66  stm32g4xx_hal_rcc.o(i.RCC_GetSysClockFreqFromPLLSource)
    i.SVC_Handler                            0x08003a70   Section        0  stm32g4xx_it.o(i.SVC_Handler)
    i.SysTick_Handler                        0x08003a72   Section        0  stm32g4xx_it.o(i.SysTick_Handler)
    i.SystemClock_Config                     0x08003a76   Section        0  main.o(i.SystemClock_Config)
    i.SystemInit                             0x08003adc   Section        0  system_stm32g4xx.o(i.SystemInit)
    i.TIM1_UP_TIM16_IRQHandler               0x08003aec   Section        0  stm32g4xx_it.o(i.TIM1_UP_TIM16_IRQHandler)
    i.TIM3_IRQHandler                        0x08003af8   Section        0  stm32g4xx_it.o(i.TIM3_IRQHandler)
    i.TIM6_DAC_IRQHandler                    0x08003b04   Section        0  stm32g4xx_it.o(i.TIM6_DAC_IRQHandler)
    i.TIM7_DAC_IRQHandler                    0x08003b10   Section        0  stm32g4xx_it.o(i.TIM7_DAC_IRQHandler)
    i.TIM8_UP_IRQHandler                     0x08003b1c   Section        0  stm32g4xx_it.o(i.TIM8_UP_IRQHandler)
    i.TIM_Base_SetConfig                     0x08003b28   Section        0  stm32g4xx_hal_tim.o(i.TIM_Base_SetConfig)
    i.TIM_CCxChannelCmd                      0x08003c0c   Section        0  stm32g4xx_hal_tim.o(i.TIM_CCxChannelCmd)
    i.TIM_ETR_SetConfig                      0x08003c26   Section        0  stm32g4xx_hal_tim.o(i.TIM_ETR_SetConfig)
    i.TIM_ITRx_SetConfig                     0x08003c3c   Section        0  stm32g4xx_hal_tim.o(i.TIM_ITRx_SetConfig)
    TIM_ITRx_SetConfig                       0x08003c3d   Thumb Code    16  stm32g4xx_hal_tim.o(i.TIM_ITRx_SetConfig)
    i.TIM_OC1_SetConfig                      0x08003c50   Section        0  stm32g4xx_hal_tim.o(i.TIM_OC1_SetConfig)
    TIM_OC1_SetConfig                        0x08003c51   Thumb Code   148  stm32g4xx_hal_tim.o(i.TIM_OC1_SetConfig)
    i.TIM_OC2_SetConfig                      0x08003d00   Section        0  stm32g4xx_hal_tim.o(i.TIM_OC2_SetConfig)
    i.TIM_OC3_SetConfig                      0x08003da4   Section        0  stm32g4xx_hal_tim.o(i.TIM_OC3_SetConfig)
    TIM_OC3_SetConfig                        0x08003da5   Thumb Code   134  stm32g4xx_hal_tim.o(i.TIM_OC3_SetConfig)
    i.TIM_OC4_SetConfig                      0x08003e48   Section        0  stm32g4xx_hal_tim.o(i.TIM_OC4_SetConfig)
    TIM_OC4_SetConfig                        0x08003e49   Thumb Code   136  stm32g4xx_hal_tim.o(i.TIM_OC4_SetConfig)
    i.TIM_OC5_SetConfig                      0x08003eec   Section        0  stm32g4xx_hal_tim.o(i.TIM_OC5_SetConfig)
    TIM_OC5_SetConfig                        0x08003eed   Thumb Code    92  stm32g4xx_hal_tim.o(i.TIM_OC5_SetConfig)
    i.TIM_OC6_SetConfig                      0x08003f64   Section        0  stm32g4xx_hal_tim.o(i.TIM_OC6_SetConfig)
    TIM_OC6_SetConfig                        0x08003f65   Thumb Code    94  stm32g4xx_hal_tim.o(i.TIM_OC6_SetConfig)
    i.TIM_TI1_ConfigInputStage               0x08003fe0   Section        0  stm32g4xx_hal_tim.o(i.TIM_TI1_ConfigInputStage)
    TIM_TI1_ConfigInputStage                 0x08003fe1   Thumb Code    34  stm32g4xx_hal_tim.o(i.TIM_TI1_ConfigInputStage)
    i.TIM_TI2_ConfigInputStage               0x08004002   Section        0  stm32g4xx_hal_tim.o(i.TIM_TI2_ConfigInputStage)
    TIM_TI2_ConfigInputStage                 0x08004003   Thumb Code    36  stm32g4xx_hal_tim.o(i.TIM_TI2_ConfigInputStage)
    i.UART4_IRQHandler                       0x08004028   Section        0  stm32g4xx_it.o(i.UART4_IRQHandler)
    i.UART5_IRQHandler                       0x0800407c   Section        0  stm32g4xx_it.o(i.UART5_IRQHandler)
    i.UARTEx_SetNbDataToProcess              0x080040d0   Section        0  stm32g4xx_hal_uart_ex.o(i.UARTEx_SetNbDataToProcess)
    UARTEx_SetNbDataToProcess                0x080040d1   Thumb Code    66  stm32g4xx_hal_uart_ex.o(i.UARTEx_SetNbDataToProcess)
    i.UART_AdvFeatureConfig                  0x08004118   Section        0  stm32g4xx_hal_uart.o(i.UART_AdvFeatureConfig)
    i.UART_CheckIdleState                    0x080041e0   Section        0  stm32g4xx_hal_uart.o(i.UART_CheckIdleState)
    i.UART_DMAAbortOnError                   0x0800428a   Section        0  stm32g4xx_hal_uart.o(i.UART_DMAAbortOnError)
    UART_DMAAbortOnError                     0x0800428b   Thumb Code    16  stm32g4xx_hal_uart.o(i.UART_DMAAbortOnError)
    i.UART_DMAError                          0x0800429a   Section        0  stm32g4xx_hal_uart.o(i.UART_DMAError)
    UART_DMAError                            0x0800429b   Thumb Code    80  stm32g4xx_hal_uart.o(i.UART_DMAError)
    i.UART_DMAReceiveCplt                    0x080042ea   Section        0  stm32g4xx_hal_uart.o(i.UART_DMAReceiveCplt)
    UART_DMAReceiveCplt                      0x080042eb   Thumb Code   134  stm32g4xx_hal_uart.o(i.UART_DMAReceiveCplt)
    i.UART_DMARxHalfCplt                     0x08004370   Section        0  stm32g4xx_hal_uart.o(i.UART_DMARxHalfCplt)
    UART_DMARxHalfCplt                       0x08004371   Thumb Code    32  stm32g4xx_hal_uart.o(i.UART_DMARxHalfCplt)
    i.UART_DMATransmitCplt                   0x08004390   Section        0  stm32g4xx_hal_uart.o(i.UART_DMATransmitCplt)
    UART_DMATransmitCplt                     0x08004391   Thumb Code    66  stm32g4xx_hal_uart.o(i.UART_DMATransmitCplt)
    i.UART_DMATxHalfCplt                     0x080043d2   Section        0  stm32g4xx_hal_uart.o(i.UART_DMATxHalfCplt)
    UART_DMATxHalfCplt                       0x080043d3   Thumb Code    10  stm32g4xx_hal_uart.o(i.UART_DMATxHalfCplt)
    i.UART_EndRxTransfer                     0x080043dc   Section        0  stm32g4xx_hal_uart.o(i.UART_EndRxTransfer)
    UART_EndRxTransfer                       0x080043dd   Thumb Code    78  stm32g4xx_hal_uart.o(i.UART_EndRxTransfer)
    i.UART_EndTransmit_IT                    0x08004430   Section        0  stm32g4xx_hal_uart.o(i.UART_EndTransmit_IT)
    UART_EndTransmit_IT                      0x08004431   Thumb Code    36  stm32g4xx_hal_uart.o(i.UART_EndTransmit_IT)
    i.UART_EndTxTransfer                     0x08004454   Section        0  stm32g4xx_hal_uart.o(i.UART_EndTxTransfer)
    UART_EndTxTransfer                       0x08004455   Thumb Code    46  stm32g4xx_hal_uart.o(i.UART_EndTxTransfer)
    i.UART_RxISR_16BIT                       0x08004484   Section        0  stm32g4xx_hal_uart.o(i.UART_RxISR_16BIT)
    UART_RxISR_16BIT                         0x08004485   Thumb Code   194  stm32g4xx_hal_uart.o(i.UART_RxISR_16BIT)
    i.UART_RxISR_16BIT_FIFOEN                0x0800454c   Section        0  stm32g4xx_hal_uart.o(i.UART_RxISR_16BIT_FIFOEN)
    UART_RxISR_16BIT_FIFOEN                  0x0800454d   Thumb Code   394  stm32g4xx_hal_uart.o(i.UART_RxISR_16BIT_FIFOEN)
    i.UART_RxISR_8BIT                        0x080046e4   Section        0  stm32g4xx_hal_uart.o(i.UART_RxISR_8BIT)
    UART_RxISR_8BIT                          0x080046e5   Thumb Code   194  stm32g4xx_hal_uart.o(i.UART_RxISR_8BIT)
    i.UART_RxISR_8BIT_FIFOEN                 0x080047ac   Section        0  stm32g4xx_hal_uart.o(i.UART_RxISR_8BIT_FIFOEN)
    UART_RxISR_8BIT_FIFOEN                   0x080047ad   Thumb Code   394  stm32g4xx_hal_uart.o(i.UART_RxISR_8BIT_FIFOEN)
    i.UART_SetConfig                         0x08004944   Section        0  stm32g4xx_hal_uart.o(i.UART_SetConfig)
    i.UART_Start_Receive_DMA                 0x08004c54   Section        0  stm32g4xx_hal_uart.o(i.UART_Start_Receive_DMA)
    i.UART_Start_Receive_IT                  0x08004cf8   Section        0  stm32g4xx_hal_uart.o(i.UART_Start_Receive_IT)
    i.UART_WaitOnFlagUntilTimeout            0x08004e1c   Section        0  stm32g4xx_hal_uart.o(i.UART_WaitOnFlagUntilTimeout)
    i.USART1_IRQHandler                      0x08004eb4   Section        0  stm32g4xx_it.o(i.USART1_IRQHandler)
    i.USART2_IRQHandler                      0x08004ec0   Section        0  stm32g4xx_it.o(i.USART2_IRQHandler)
    i.UsageFault_Handler                     0x08004f8c   Section        0  stm32g4xx_it.o(i.UsageFault_Handler)
    i.__0printf$bare                         0x08004f90   Section        0  printfb.o(i.__0printf$bare)
    i.__NVIC_SetPriority                     0x08004fa0   Section        0  stm32g4xx_hal_cortex.o(i.__NVIC_SetPriority)
    __NVIC_SetPriority                       0x08004fa1   Thumb Code    32  stm32g4xx_hal_cortex.o(i.__NVIC_SetPriority)
    i.__scatterload_copy                     0x08004fc0   Section       14  handlers.o(i.__scatterload_copy)
    i.__scatterload_null                     0x08004fce   Section        2  handlers.o(i.__scatterload_null)
    i.__scatterload_zeroinit                 0x08004fd0   Section       14  handlers.o(i.__scatterload_zeroinit)
    i._printf_core                           0x08004fde   Section        0  printfb.o(i._printf_core)
    _printf_core                             0x08004fdf   Thumb Code    34  printfb.o(i._printf_core)
    i.clamp                                  0x08005000   Section        0  pid.o(i.clamp)
    clamp                                    0x08005001   Thumb Code    32  pid.o(i.clamp)
    i.fputc                                  0x08005020   Section        0  main.o(i.fputc)
    i.key_prc                                0x08005038   Section        0  main.o(i.key_prc)
    i.main                                   0x080050f4   Section        0  main.o(i.main)
    i.read_angle_1                           0x08005204   Section        0  main.o(i.read_angle_1)
    i.read_angle_2                           0x080052b8   Section        0  main.o(i.read_angle_2)
    i.uart_rx_proc_1                         0x0800536c   Section        0  main.o(i.uart_rx_proc_1)
    .constdata                               0x08005440   Section       24  stm32g4xx_hal_uart.o(.constdata)
    .constdata                               0x08005458   Section       16  stm32g4xx_hal_uart_ex.o(.constdata)
    numerator                                0x08005458   Data           8  stm32g4xx_hal_uart_ex.o(.constdata)
    denominator                              0x08005460   Data           8  stm32g4xx_hal_uart_ex.o(.constdata)
    .constdata                               0x08005468   Section       16  system_stm32g4xx.o(.constdata)
    .constdata                               0x08005478   Section        8  system_stm32g4xx.o(.constdata)
    .constdata                               0x08005480   Section       64  ctype_c.o(.constdata)
    .data                                    0x20000000   Section       36  main.o(.data)
    .data                                    0x20000024   Section        4  main.o(.data)
    .data                                    0x20000028   Section        4  main.o(.data)
    .data                                    0x2000002c   Section        1  usart.o(.data)
    .data                                    0x2000002d   Section        1  usart.o(.data)
    .data                                    0x2000002e   Section        1  usart.o(.data)
    .data                                    0x2000002f   Section        1  usart.o(.data)
    .data                                    0x20000030   Section       16  stm32g4xx_it.o(.data)
    myff                                     0x2000003c   Data           4  stm32g4xx_it.o(.data)
    .data                                    0x20000040   Section       12  stm32g4xx_hal.o(.data)
    .data                                    0x2000004c   Section        4  system_stm32g4xx.o(.data)
    .data                                    0x20000050   Section        2  interrupt.o(.data)
    time6_10ms                               0x20000050   Data           1  interrupt.o(.data)
    time7_10ms                               0x20000051   Data           1  interrupt.o(.data)
    .data                                    0x20000054   Section       12  pid.o(.data)
    tim8_started                             0x20000054   Data           1  pid.o(.data)
    tim3_started                             0x20000055   Data           1  pid.o(.data)
    .data                                    0x20000060   Section        4  stdout.o(.data)
    .bss                                     0x20000064   Section      103  main.o(.bss)
    .bss                                     0x200000cc   Section      192  dma.o(.bss)
    .bss                                     0x2000018c   Section      380  tim.o(.bss)
    .bss                                     0x20000308   Section      255  usart.o(.bss)
    .bss                                     0x20000407   Section      255  usart.o(.bss)
    .bss                                     0x20000508   Section     1168  usart.o(.bss)
    .bss                                     0x20000998   Section       12  stm32g4xx_it.o(.bss)
    .bss                                     0x200009a4   Section       48  interrupt.o(.bss)
    .bss                                     0x200009d4   Section       40  pid.o(.bss)
    pid_x                                    0x200009d4   Data          20  pid.o(.bss)
    pid_y                                    0x200009e8   Data          20  pid.o(.bss)
    STACK                                    0x20000a00   Section     1024  startup_stm32g474xx.o(STACK)

    Global Symbols

    Symbol Name                              Value     Ov Type        Size  Object(Section)

    BuildAttributes$$THM_ISAv4$E$P$D$K$B$S$7EM$VFPi3$EXTD16$VFPS$VFMA$PE$A:L22UL41UL21$X:L11$S22US41US21$IEEE1$IW$USESV6$~STKCKD$USESV7$~SHL$OSPACE$ROPI$EBA8$MICROLIB$REQ8$PRES8$EABIv2 0x00000000   Number         0  anon$$obj.o ABSOLUTE
    __ARM_use_no_argv                        0x00000000   Number         0  main.o ABSOLUTE
    __arm_fini_                               - Undefined Weak Reference
    __cpp_initialize__aeabi_                  - Undefined Weak Reference
    __cxa_finalize                            - Undefined Weak Reference
    __decompress                              - Undefined Weak Reference
    _clock_init                               - Undefined Weak Reference
    _microlib_exit                            - Undefined Weak Reference
    _scanf_longlong                           - Undefined Weak Reference
    _scanf_real                               - Undefined Weak Reference
    _scanf_string                             - Undefined Weak Reference
    __Vectors_Size                           0x000001d8   Number         0  startup_stm32g474xx.o ABSOLUTE
    __Vectors                                0x08000000   Data           4  startup_stm32g474xx.o(RESET)
    __Vectors_End                            0x080001d8   Data           0  startup_stm32g474xx.o(RESET)
    __main                                   0x080001d9   Thumb Code     0  entry.o(.ARM.Collect$$$$00000000)
    _main_stk                                0x080001d9   Thumb Code     0  entry2.o(.ARM.Collect$$$$00000001)
    _main_scatterload                        0x080001dd   Thumb Code     0  entry5.o(.ARM.Collect$$$$00000004)
    __main_after_scatterload                 0x080001e1   Thumb Code     0  entry5.o(.ARM.Collect$$$$00000004)
    _main_clock                              0x080001e1   Thumb Code     0  entry7b.o(.ARM.Collect$$$$00000008)
    _main_cpp_init                           0x080001e1   Thumb Code     0  entry8b.o(.ARM.Collect$$$$0000000A)
    _main_init                               0x080001e1   Thumb Code     0  entry9a.o(.ARM.Collect$$$$0000000B)
    __rt_lib_shutdown_fini                   0x080001e9   Thumb Code     0  entry12b.o(.ARM.Collect$$$$0000000E)
    __rt_final_cpp                           0x080001ed   Thumb Code     0  entry10a.o(.ARM.Collect$$$$0000000F)
    __rt_final_exit                          0x080001ed   Thumb Code     0  entry11a.o(.ARM.Collect$$$$00000011)
    Reset_Handler                            0x080001f1   Thumb Code     8  startup_stm32g474xx.o(.text)
    ADC1_2_IRQHandler                        0x0800020b   Thumb Code     0  startup_stm32g474xx.o(.text)
    ADC3_IRQHandler                          0x0800020b   Thumb Code     0  startup_stm32g474xx.o(.text)
    ADC4_IRQHandler                          0x0800020b   Thumb Code     0  startup_stm32g474xx.o(.text)
    ADC5_IRQHandler                          0x0800020b   Thumb Code     0  startup_stm32g474xx.o(.text)
    COMP1_2_3_IRQHandler                     0x0800020b   Thumb Code     0  startup_stm32g474xx.o(.text)
    COMP4_5_6_IRQHandler                     0x0800020b   Thumb Code     0  startup_stm32g474xx.o(.text)
    COMP7_IRQHandler                         0x0800020b   Thumb Code     0  startup_stm32g474xx.o(.text)
    CORDIC_IRQHandler                        0x0800020b   Thumb Code     0  startup_stm32g474xx.o(.text)
    CRS_IRQHandler                           0x0800020b   Thumb Code     0  startup_stm32g474xx.o(.text)
    DMA1_Channel1_IRQHandler                 0x0800020b   Thumb Code     0  startup_stm32g474xx.o(.text)
    DMA1_Channel5_IRQHandler                 0x0800020b   Thumb Code     0  startup_stm32g474xx.o(.text)
    DMA1_Channel6_IRQHandler                 0x0800020b   Thumb Code     0  startup_stm32g474xx.o(.text)
    DMA1_Channel8_IRQHandler                 0x0800020b   Thumb Code     0  startup_stm32g474xx.o(.text)
    DMA2_Channel1_IRQHandler                 0x0800020b   Thumb Code     0  startup_stm32g474xx.o(.text)
    DMA2_Channel3_IRQHandler                 0x0800020b   Thumb Code     0  startup_stm32g474xx.o(.text)
    DMA2_Channel4_IRQHandler                 0x0800020b   Thumb Code     0  startup_stm32g474xx.o(.text)
    DMA2_Channel5_IRQHandler                 0x0800020b   Thumb Code     0  startup_stm32g474xx.o(.text)
    DMA2_Channel6_IRQHandler                 0x0800020b   Thumb Code     0  startup_stm32g474xx.o(.text)
    DMA2_Channel8_IRQHandler                 0x0800020b   Thumb Code     0  startup_stm32g474xx.o(.text)
    DMAMUX_OVR_IRQHandler                    0x0800020b   Thumb Code     0  startup_stm32g474xx.o(.text)
    EXTI0_IRQHandler                         0x0800020b   Thumb Code     0  startup_stm32g474xx.o(.text)
    EXTI15_10_IRQHandler                     0x0800020b   Thumb Code     0  startup_stm32g474xx.o(.text)
    EXTI1_IRQHandler                         0x0800020b   Thumb Code     0  startup_stm32g474xx.o(.text)
    EXTI2_IRQHandler                         0x0800020b   Thumb Code     0  startup_stm32g474xx.o(.text)
    EXTI3_IRQHandler                         0x0800020b   Thumb Code     0  startup_stm32g474xx.o(.text)
    EXTI4_IRQHandler                         0x0800020b   Thumb Code     0  startup_stm32g474xx.o(.text)
    EXTI9_5_IRQHandler                       0x0800020b   Thumb Code     0  startup_stm32g474xx.o(.text)
    FDCAN1_IT0_IRQHandler                    0x0800020b   Thumb Code     0  startup_stm32g474xx.o(.text)
    FDCAN1_IT1_IRQHandler                    0x0800020b   Thumb Code     0  startup_stm32g474xx.o(.text)
    FDCAN2_IT0_IRQHandler                    0x0800020b   Thumb Code     0  startup_stm32g474xx.o(.text)
    FDCAN2_IT1_IRQHandler                    0x0800020b   Thumb Code     0  startup_stm32g474xx.o(.text)
    FDCAN3_IT0_IRQHandler                    0x0800020b   Thumb Code     0  startup_stm32g474xx.o(.text)
    FDCAN3_IT1_IRQHandler                    0x0800020b   Thumb Code     0  startup_stm32g474xx.o(.text)
    FLASH_IRQHandler                         0x0800020b   Thumb Code     0  startup_stm32g474xx.o(.text)
    FMAC_IRQHandler                          0x0800020b   Thumb Code     0  startup_stm32g474xx.o(.text)
    FMC_IRQHandler                           0x0800020b   Thumb Code     0  startup_stm32g474xx.o(.text)
    FPU_IRQHandler                           0x0800020b   Thumb Code     0  startup_stm32g474xx.o(.text)
    HRTIM1_FLT_IRQHandler                    0x0800020b   Thumb Code     0  startup_stm32g474xx.o(.text)
    HRTIM1_Master_IRQHandler                 0x0800020b   Thumb Code     0  startup_stm32g474xx.o(.text)
    HRTIM1_TIMA_IRQHandler                   0x0800020b   Thumb Code     0  startup_stm32g474xx.o(.text)
    HRTIM1_TIMB_IRQHandler                   0x0800020b   Thumb Code     0  startup_stm32g474xx.o(.text)
    HRTIM1_TIMC_IRQHandler                   0x0800020b   Thumb Code     0  startup_stm32g474xx.o(.text)
    HRTIM1_TIMD_IRQHandler                   0x0800020b   Thumb Code     0  startup_stm32g474xx.o(.text)
    HRTIM1_TIME_IRQHandler                   0x0800020b   Thumb Code     0  startup_stm32g474xx.o(.text)
    HRTIM1_TIMF_IRQHandler                   0x0800020b   Thumb Code     0  startup_stm32g474xx.o(.text)
    I2C1_ER_IRQHandler                       0x0800020b   Thumb Code     0  startup_stm32g474xx.o(.text)
    I2C1_EV_IRQHandler                       0x0800020b   Thumb Code     0  startup_stm32g474xx.o(.text)
    I2C2_ER_IRQHandler                       0x0800020b   Thumb Code     0  startup_stm32g474xx.o(.text)
    I2C2_EV_IRQHandler                       0x0800020b   Thumb Code     0  startup_stm32g474xx.o(.text)
    I2C3_ER_IRQHandler                       0x0800020b   Thumb Code     0  startup_stm32g474xx.o(.text)
    I2C3_EV_IRQHandler                       0x0800020b   Thumb Code     0  startup_stm32g474xx.o(.text)
    I2C4_ER_IRQHandler                       0x0800020b   Thumb Code     0  startup_stm32g474xx.o(.text)
    I2C4_EV_IRQHandler                       0x0800020b   Thumb Code     0  startup_stm32g474xx.o(.text)
    LPTIM1_IRQHandler                        0x0800020b   Thumb Code     0  startup_stm32g474xx.o(.text)
    LPUART1_IRQHandler                       0x0800020b   Thumb Code     0  startup_stm32g474xx.o(.text)
    PVD_PVM_IRQHandler                       0x0800020b   Thumb Code     0  startup_stm32g474xx.o(.text)
    QUADSPI_IRQHandler                       0x0800020b   Thumb Code     0  startup_stm32g474xx.o(.text)
    RCC_IRQHandler                           0x0800020b   Thumb Code     0  startup_stm32g474xx.o(.text)
    RNG_IRQHandler                           0x0800020b   Thumb Code     0  startup_stm32g474xx.o(.text)
    RTC_Alarm_IRQHandler                     0x0800020b   Thumb Code     0  startup_stm32g474xx.o(.text)
    RTC_TAMP_LSECSS_IRQHandler               0x0800020b   Thumb Code     0  startup_stm32g474xx.o(.text)
    RTC_WKUP_IRQHandler                      0x0800020b   Thumb Code     0  startup_stm32g474xx.o(.text)
    SAI1_IRQHandler                          0x0800020b   Thumb Code     0  startup_stm32g474xx.o(.text)
    SPI1_IRQHandler                          0x0800020b   Thumb Code     0  startup_stm32g474xx.o(.text)
    SPI2_IRQHandler                          0x0800020b   Thumb Code     0  startup_stm32g474xx.o(.text)
    SPI3_IRQHandler                          0x0800020b   Thumb Code     0  startup_stm32g474xx.o(.text)
    SPI4_IRQHandler                          0x0800020b   Thumb Code     0  startup_stm32g474xx.o(.text)
    TIM1_BRK_TIM15_IRQHandler                0x0800020b   Thumb Code     0  startup_stm32g474xx.o(.text)
    TIM1_CC_IRQHandler                       0x0800020b   Thumb Code     0  startup_stm32g474xx.o(.text)
    TIM1_TRG_COM_TIM17_IRQHandler            0x0800020b   Thumb Code     0  startup_stm32g474xx.o(.text)
    TIM20_BRK_IRQHandler                     0x0800020b   Thumb Code     0  startup_stm32g474xx.o(.text)
    TIM20_CC_IRQHandler                      0x0800020b   Thumb Code     0  startup_stm32g474xx.o(.text)
    TIM20_TRG_COM_IRQHandler                 0x0800020b   Thumb Code     0  startup_stm32g474xx.o(.text)
    TIM20_UP_IRQHandler                      0x0800020b   Thumb Code     0  startup_stm32g474xx.o(.text)
    TIM2_IRQHandler                          0x0800020b   Thumb Code     0  startup_stm32g474xx.o(.text)
    TIM4_IRQHandler                          0x0800020b   Thumb Code     0  startup_stm32g474xx.o(.text)
    TIM5_IRQHandler                          0x0800020b   Thumb Code     0  startup_stm32g474xx.o(.text)
    TIM8_BRK_IRQHandler                      0x0800020b   Thumb Code     0  startup_stm32g474xx.o(.text)
    TIM8_CC_IRQHandler                       0x0800020b   Thumb Code     0  startup_stm32g474xx.o(.text)
    TIM8_TRG_COM_IRQHandler                  0x0800020b   Thumb Code     0  startup_stm32g474xx.o(.text)
    UCPD1_IRQHandler                         0x0800020b   Thumb Code     0  startup_stm32g474xx.o(.text)
    USART3_IRQHandler                        0x0800020b   Thumb Code     0  startup_stm32g474xx.o(.text)
    USBWakeUp_IRQHandler                     0x0800020b   Thumb Code     0  startup_stm32g474xx.o(.text)
    USB_HP_IRQHandler                        0x0800020b   Thumb Code     0  startup_stm32g474xx.o(.text)
    USB_LP_IRQHandler                        0x0800020b   Thumb Code     0  startup_stm32g474xx.o(.text)
    WWDG_IRQHandler                          0x0800020b   Thumb Code     0  startup_stm32g474xx.o(.text)
    __aeabi_uldivmod                         0x08000215   Thumb Code    98  uldiv.o(.text)
    __aeabi_memset                           0x08000277   Thumb Code    14  memseta.o(.text)
    __aeabi_memset4                          0x08000277   Thumb Code     0  memseta.o(.text)
    __aeabi_memset8                          0x08000277   Thumb Code     0  memseta.o(.text)
    __aeabi_memclr                           0x08000285   Thumb Code     4  memseta.o(.text)
    __aeabi_memclr4                          0x08000285   Thumb Code     0  memseta.o(.text)
    __aeabi_memclr8                          0x08000285   Thumb Code     0  memseta.o(.text)
    _memset$wrapper                          0x08000289   Thumb Code    18  memseta.o(.text)
    __0sscanf                                0x0800029d   Thumb Code    48  __0sscanf.o(.text)
    _scanf_int                               0x080002d5   Thumb Code   332  _scanf_int.o(.text)
    __aeabi_llsl                             0x08000421   Thumb Code    30  llshl.o(.text)
    _ll_shift_l                              0x08000421   Thumb Code     0  llshl.o(.text)
    __aeabi_llsr                             0x0800043f   Thumb Code    32  llushr.o(.text)
    _ll_ushift_r                             0x0800043f   Thumb Code     0  llushr.o(.text)
    _chval                                   0x0800045f   Thumb Code    28  _chval.o(.text)
    __vfscanf_char                           0x08000489   Thumb Code    20  scanf_char.o(.text)
    _sgetc                                   0x080004a5   Thumb Code    30  _sgetc.o(.text)
    _sbackspace                              0x080004c3   Thumb Code    34  _sgetc.o(.text)
    __scatterload                            0x080004e5   Thumb Code    28  init.o(.text)
    __scatterload_rt2                        0x080004e5   Thumb Code     0  init.o(.text)
    isspace                                  0x08000509   Thumb Code    10  isspace_c.o(.text)
    __vfscanf                                0x08000515   Thumb Code   810  _scanf.o(.text)
    __ctype_lookup                           0x08000845   Thumb Code    34  ctype_c.o(.text)
    BusFault_Handler                         0x0800086d   Thumb Code     2  stm32g4xx_it.o(i.BusFault_Handler)
    DMA1_Channel2_IRQHandler                 0x08000871   Thumb Code     6  stm32g4xx_it.o(i.DMA1_Channel2_IRQHandler)
    DMA1_Channel3_IRQHandler                 0x0800087d   Thumb Code     6  stm32g4xx_it.o(i.DMA1_Channel3_IRQHandler)
    DMA1_Channel4_IRQHandler                 0x08000889   Thumb Code     6  stm32g4xx_it.o(i.DMA1_Channel4_IRQHandler)
    DMA1_Channel7_IRQHandler                 0x08000895   Thumb Code     6  stm32g4xx_it.o(i.DMA1_Channel7_IRQHandler)
    DMA2_Channel2_IRQHandler                 0x080008a1   Thumb Code     6  stm32g4xx_it.o(i.DMA2_Channel2_IRQHandler)
    DMA2_Channel7_IRQHandler                 0x080008ad   Thumb Code     6  stm32g4xx_it.o(i.DMA2_Channel7_IRQHandler)
    DebugMon_Handler                         0x0800095f   Thumb Code     2  stm32g4xx_it.o(i.DebugMon_Handler)
    Error_Handler                            0x08000961   Thumb Code     4  main.o(i.Error_Handler)
    HAL_DMA_Abort                            0x08000965   Thumb Code   104  stm32g4xx_hal_dma.o(i.HAL_DMA_Abort)
    HAL_DMA_Abort_IT                         0x080009cd   Thumb Code   118  stm32g4xx_hal_dma.o(i.HAL_DMA_Abort_IT)
    HAL_DMA_GetError                         0x08000a43   Thumb Code     4  stm32g4xx_hal_dma.o(i.HAL_DMA_GetError)
    HAL_DMA_IRQHandler                       0x08000a47   Thumb Code   204  stm32g4xx_hal_dma.o(i.HAL_DMA_IRQHandler)
    HAL_DMA_Init                             0x08000b15   Thumb Code   180  stm32g4xx_hal_dma.o(i.HAL_DMA_Init)
    HAL_DMA_Start_IT                         0x08000bd5   Thumb Code   144  stm32g4xx_hal_dma.o(i.HAL_DMA_Start_IT)
    HAL_Delay                                0x08000c65   Thumb Code    32  stm32g4xx_hal.o(i.HAL_Delay)
    HAL_GPIO_Init                            0x08000c89   Thumb Code   400  stm32g4xx_hal_gpio.o(i.HAL_GPIO_Init)
    HAL_GPIO_ReadPin                         0x08000e39   Thumb Code    14  stm32g4xx_hal_gpio.o(i.HAL_GPIO_ReadPin)
    HAL_GPIO_WritePin                        0x08000e47   Thumb Code    12  stm32g4xx_hal_gpio.o(i.HAL_GPIO_WritePin)
    HAL_GetTick                              0x08000e55   Thumb Code     6  stm32g4xx_hal.o(i.HAL_GetTick)
    HAL_IncTick                              0x08000e61   Thumb Code    12  stm32g4xx_hal.o(i.HAL_IncTick)
    HAL_Init                                 0x08000e71   Thumb Code    30  stm32g4xx_hal.o(i.HAL_Init)
    HAL_InitTick                             0x08000e91   Thumb Code    68  stm32g4xx_hal.o(i.HAL_InitTick)
    HAL_MspInit                              0x08000edd   Thumb Code    42  stm32g4xx_hal_msp.o(i.HAL_MspInit)
    HAL_NVIC_EnableIRQ                       0x08000f0d   Thumb Code    26  stm32g4xx_hal_cortex.o(i.HAL_NVIC_EnableIRQ)
    HAL_NVIC_SetPriority                     0x08000f29   Thumb Code    60  stm32g4xx_hal_cortex.o(i.HAL_NVIC_SetPriority)
    HAL_NVIC_SetPriorityGrouping             0x08000f69   Thumb Code    26  stm32g4xx_hal_cortex.o(i.HAL_NVIC_SetPriorityGrouping)
    HAL_PWREx_ControlVoltageScaling          0x08000f8d   Thumb Code   190  stm32g4xx_hal_pwr_ex.o(i.HAL_PWREx_ControlVoltageScaling)
    HAL_PWREx_DisableUCPDDeadBattery         0x08001059   Thumb Code    12  stm32g4xx_hal_pwr_ex.o(i.HAL_PWREx_DisableUCPDDeadBattery)
    HAL_RCCEx_PeriphCLKConfig                0x08001069   Thumb Code   776  stm32g4xx_hal_rcc_ex.o(i.HAL_RCCEx_PeriphCLKConfig)
    HAL_RCC_ClockConfig                      0x08001379   Thumb Code   432  stm32g4xx_hal_rcc.o(i.HAL_RCC_ClockConfig)
    HAL_RCC_GetHCLKFreq                      0x08001541   Thumb Code     6  stm32g4xx_hal_rcc.o(i.HAL_RCC_GetHCLKFreq)
    HAL_RCC_GetPCLK1Freq                     0x0800154d   Thumb Code    26  stm32g4xx_hal_rcc.o(i.HAL_RCC_GetPCLK1Freq)
    HAL_RCC_GetPCLK2Freq                     0x08001571   Thumb Code    26  stm32g4xx_hal_rcc.o(i.HAL_RCC_GetPCLK2Freq)
    HAL_RCC_GetSysClockFreq                  0x08001595   Thumb Code   106  stm32g4xx_hal_rcc.o(i.HAL_RCC_GetSysClockFreq)
    HAL_RCC_OscConfig                        0x08001609   Thumb Code  1104  stm32g4xx_hal_rcc.o(i.HAL_RCC_OscConfig)
    HAL_SYSTICK_Config                       0x08001a59   Thumb Code    40  stm32g4xx_hal_cortex.o(i.HAL_SYSTICK_Config)
    HAL_TIMEx_Break2Callback                 0x08001a81   Thumb Code     2  stm32g4xx_hal_tim_ex.o(i.HAL_TIMEx_Break2Callback)
    HAL_TIMEx_BreakCallback                  0x08001a83   Thumb Code     2  stm32g4xx_hal_tim_ex.o(i.HAL_TIMEx_BreakCallback)
    HAL_TIMEx_CommutCallback                 0x08001a85   Thumb Code     2  stm32g4xx_hal_tim_ex.o(i.HAL_TIMEx_CommutCallback)
    HAL_TIMEx_ConfigBreakDeadTime            0x08001a89   Thumb Code   154  stm32g4xx_hal_tim_ex.o(i.HAL_TIMEx_ConfigBreakDeadTime)
    HAL_TIMEx_DirectionChangeCallback        0x08001b31   Thumb Code     2  stm32g4xx_hal_tim_ex.o(i.HAL_TIMEx_DirectionChangeCallback)
    HAL_TIMEx_EncoderIndexCallback           0x08001b33   Thumb Code     2  stm32g4xx_hal_tim_ex.o(i.HAL_TIMEx_EncoderIndexCallback)
    HAL_TIMEx_IndexErrorCallback             0x08001b35   Thumb Code     2  stm32g4xx_hal_tim_ex.o(i.HAL_TIMEx_IndexErrorCallback)
    HAL_TIMEx_MasterConfigSynchronization    0x08001b39   Thumb Code   152  stm32g4xx_hal_tim_ex.o(i.HAL_TIMEx_MasterConfigSynchronization)
    HAL_TIMEx_TransitionErrorCallback        0x08001bf1   Thumb Code     2  stm32g4xx_hal_tim_ex.o(i.HAL_TIMEx_TransitionErrorCallback)
    HAL_TIM_Base_Init                        0x08001bf3   Thumb Code    78  stm32g4xx_hal_tim.o(i.HAL_TIM_Base_Init)
    HAL_TIM_Base_MspInit                     0x08001c41   Thumb Code   218  tim.o(i.HAL_TIM_Base_MspInit)
    HAL_TIM_Base_Start_IT                    0x08001d35   Thumb Code   116  stm32g4xx_hal_tim.o(i.HAL_TIM_Base_Start_IT)
    HAL_TIM_Base_Stop_IT                     0x08001dc9   Thumb Code    48  stm32g4xx_hal_tim.o(i.HAL_TIM_Base_Stop_IT)
    HAL_TIM_ConfigClockSource                0x08001df9   Thumb Code   244  stm32g4xx_hal_tim.o(i.HAL_TIM_ConfigClockSource)
    HAL_TIM_IC_CaptureCallback               0x08001ef1   Thumb Code     2  stm32g4xx_hal_tim.o(i.HAL_TIM_IC_CaptureCallback)
    HAL_TIM_IRQHandler                       0x08001ef3   Thumb Code   426  stm32g4xx_hal_tim.o(i.HAL_TIM_IRQHandler)
    HAL_TIM_MspPostInit                      0x0800209d   Thumb Code   112  tim.o(i.HAL_TIM_MspPostInit)
    HAL_TIM_OC_DelayElapsedCallback          0x0800211d   Thumb Code     2  stm32g4xx_hal_tim.o(i.HAL_TIM_OC_DelayElapsedCallback)
    HAL_TIM_PWM_ConfigChannel                0x0800211f   Thumb Code   310  stm32g4xx_hal_tim.o(i.HAL_TIM_PWM_ConfigChannel)
    HAL_TIM_PWM_Init                         0x08002255   Thumb Code    78  stm32g4xx_hal_tim.o(i.HAL_TIM_PWM_Init)
    HAL_TIM_PWM_MspInit                      0x080022a3   Thumb Code     2  stm32g4xx_hal_tim.o(i.HAL_TIM_PWM_MspInit)
    HAL_TIM_PWM_PulseFinishedCallback        0x080022a5   Thumb Code     2  stm32g4xx_hal_tim.o(i.HAL_TIM_PWM_PulseFinishedCallback)
    HAL_TIM_PWM_Start                        0x080022a9   Thumb Code   258  stm32g4xx_hal_tim.o(i.HAL_TIM_PWM_Start)
    HAL_TIM_PWM_Stop                         0x080023d5   Thumb Code   160  stm32g4xx_hal_tim.o(i.HAL_TIM_PWM_Stop)
    HAL_TIM_PeriodElapsedCallback            0x0800248d   Thumb Code   368  interrupt.o(i.HAL_TIM_PeriodElapsedCallback)
    HAL_TIM_TriggerCallback                  0x08002645   Thumb Code     2  stm32g4xx_hal_tim.o(i.HAL_TIM_TriggerCallback)
    HAL_UARTEx_DisableFifoMode               0x08002647   Thumb Code    62  stm32g4xx_hal_uart_ex.o(i.HAL_UARTEx_DisableFifoMode)
    HAL_UARTEx_RxEventCallback               0x08002685   Thumb Code     2  stm32g4xx_hal_uart.o(i.HAL_UARTEx_RxEventCallback)
    HAL_UARTEx_RxFifoFullCallback            0x08002687   Thumb Code     2  stm32g4xx_hal_uart_ex.o(i.HAL_UARTEx_RxFifoFullCallback)
    HAL_UARTEx_SetRxFifoThreshold            0x08002689   Thumb Code    76  stm32g4xx_hal_uart_ex.o(i.HAL_UARTEx_SetRxFifoThreshold)
    HAL_UARTEx_SetTxFifoThreshold            0x080026d5   Thumb Code    76  stm32g4xx_hal_uart_ex.o(i.HAL_UARTEx_SetTxFifoThreshold)
    HAL_UARTEx_TxFifoEmptyCallback           0x08002721   Thumb Code     2  stm32g4xx_hal_uart_ex.o(i.HAL_UARTEx_TxFifoEmptyCallback)
    HAL_UARTEx_WakeupCallback                0x08002723   Thumb Code     2  stm32g4xx_hal_uart_ex.o(i.HAL_UARTEx_WakeupCallback)
    HAL_UART_DMAStop                         0x08002725   Thumb Code   158  stm32g4xx_hal_uart.o(i.HAL_UART_DMAStop)
    HAL_UART_ErrorCallback                   0x080027c3   Thumb Code     2  stm32g4xx_hal_uart.o(i.HAL_UART_ErrorCallback)
    HAL_UART_IRQHandler                      0x080027c5   Thumb Code   790  stm32g4xx_hal_uart.o(i.HAL_UART_IRQHandler)
    HAL_UART_Init                            0x08002ae9   Thumb Code   112  stm32g4xx_hal_uart.o(i.HAL_UART_Init)
    HAL_UART_MspInit                         0x08002b59   Thumb Code   846  usart.o(i.HAL_UART_MspInit)
    HAL_UART_Receive_DMA                     0x08002ed5   Thumb Code    66  stm32g4xx_hal_uart.o(i.HAL_UART_Receive_DMA)
    HAL_UART_Receive_IT                      0x08002f1d   Thumb Code    66  stm32g4xx_hal_uart.o(i.HAL_UART_Receive_IT)
    HAL_UART_RxCpltCallback                  0x08002f65   Thumb Code    36  main.o(i.HAL_UART_RxCpltCallback)
    HAL_UART_RxHalfCpltCallback              0x08002f99   Thumb Code     2  stm32g4xx_hal_uart.o(i.HAL_UART_RxHalfCpltCallback)
    HAL_UART_Transmit                        0x08002f9b   Thumb Code   184  stm32g4xx_hal_uart.o(i.HAL_UART_Transmit)
    HAL_UART_Transmit_DMA                    0x08003055   Thumb Code   130  stm32g4xx_hal_uart.o(i.HAL_UART_Transmit_DMA)
    HAL_UART_TxCpltCallback                  0x080030e5   Thumb Code     2  stm32g4xx_hal_uart.o(i.HAL_UART_TxCpltCallback)
    HAL_UART_TxHalfCpltCallback              0x080030e7   Thumb Code     2  stm32g4xx_hal_uart.o(i.HAL_UART_TxHalfCpltCallback)
    HardFault_Handler                        0x080030e9   Thumb Code     2  stm32g4xx_it.o(i.HardFault_Handler)
    MX_DMA_Init                              0x080030ed   Thumb Code   228  dma.o(i.MX_DMA_Init)
    MX_GPIO_Init                             0x080031e1   Thumb Code   152  gpio.o(i.MX_GPIO_Init)
    MX_TIM1_Init                             0x08003285   Thumb Code   100  tim.o(i.MX_TIM1_Init)
    MX_TIM3_Init                             0x080032f1   Thumb Code   148  tim.o(i.MX_TIM3_Init)
    MX_TIM6_Init                             0x0800338d   Thumb Code    64  tim.o(i.MX_TIM6_Init)
    MX_TIM7_Init                             0x080033d5   Thumb Code    64  tim.o(i.MX_TIM7_Init)
    MX_TIM8_Init                             0x0800341d   Thumb Code   212  tim.o(i.MX_TIM8_Init)
    MX_UART4_Init                            0x080034f9   Thumb Code    94  usart.o(i.MX_UART4_Init)
    MX_UART5_Init                            0x08003561   Thumb Code    94  usart.o(i.MX_UART5_Init)
    MX_USART1_UART_Init                      0x080035c9   Thumb Code    94  usart.o(i.MX_USART1_UART_Init)
    MX_USART2_UART_Init                      0x08003631   Thumb Code    94  usart.o(i.MX_USART2_UART_Init)
    MemManage_Handler                        0x08003699   Thumb Code     2  stm32g4xx_it.o(i.MemManage_Handler)
    Motor1_Set_angle                         0x0800369d   Thumb Code    96  main.o(i.Motor1_Set_angle)
    Motor2_Set_angle                         0x08003711   Thumb Code    96  main.o(i.Motor2_Set_angle)
    NMI_Handler                              0x08003785   Thumb Code     2  stm32g4xx_it.o(i.NMI_Handler)
    PID_ControlLoop_X                        0x0800382d   Thumb Code   140  pid.o(i.PID_ControlLoop_X)
    PID_ControlLoop_Y                        0x080038c9   Thumb Code   140  pid.o(i.PID_ControlLoop_Y)
    PID_Control_x                            0x08003965   Thumb Code    18  pid.o(i.PID_Control_x)
    PID_Control_y                            0x08003989   Thumb Code    18  pid.o(i.PID_Control_y)
    PendSV_Handler                           0x08003a1d   Thumb Code     2  stm32g4xx_it.o(i.PendSV_Handler)
    SVC_Handler                              0x08003a71   Thumb Code     2  stm32g4xx_it.o(i.SVC_Handler)
    SysTick_Handler                          0x08003a73   Thumb Code     4  stm32g4xx_it.o(i.SysTick_Handler)
    SystemClock_Config                       0x08003a77   Thumb Code   100  main.o(i.SystemClock_Config)
    SystemInit                               0x08003add   Thumb Code    12  system_stm32g4xx.o(i.SystemInit)
    TIM1_UP_TIM16_IRQHandler                 0x08003aed   Thumb Code     6  stm32g4xx_it.o(i.TIM1_UP_TIM16_IRQHandler)
    TIM3_IRQHandler                          0x08003af9   Thumb Code     6  stm32g4xx_it.o(i.TIM3_IRQHandler)
    TIM6_DAC_IRQHandler                      0x08003b05   Thumb Code     6  stm32g4xx_it.o(i.TIM6_DAC_IRQHandler)
    TIM7_DAC_IRQHandler                      0x08003b11   Thumb Code     6  stm32g4xx_it.o(i.TIM7_DAC_IRQHandler)
    TIM8_UP_IRQHandler                       0x08003b1d   Thumb Code     6  stm32g4xx_it.o(i.TIM8_UP_IRQHandler)
    TIM_Base_SetConfig                       0x08003b29   Thumb Code   190  stm32g4xx_hal_tim.o(i.TIM_Base_SetConfig)
    TIM_CCxChannelCmd                        0x08003c0d   Thumb Code    26  stm32g4xx_hal_tim.o(i.TIM_CCxChannelCmd)
    TIM_ETR_SetConfig                        0x08003c27   Thumb Code    20  stm32g4xx_hal_tim.o(i.TIM_ETR_SetConfig)
    TIM_OC2_SetConfig                        0x08003d01   Thumb Code   136  stm32g4xx_hal_tim.o(i.TIM_OC2_SetConfig)
    UART4_IRQHandler                         0x08004029   Thumb Code    64  stm32g4xx_it.o(i.UART4_IRQHandler)
    UART5_IRQHandler                         0x0800407d   Thumb Code    64  stm32g4xx_it.o(i.UART5_IRQHandler)
    UART_AdvFeatureConfig                    0x08004119   Thumb Code   200  stm32g4xx_hal_uart.o(i.UART_AdvFeatureConfig)
    UART_CheckIdleState                      0x080041e1   Thumb Code   170  stm32g4xx_hal_uart.o(i.UART_CheckIdleState)
    UART_SetConfig                           0x08004945   Thumb Code   734  stm32g4xx_hal_uart.o(i.UART_SetConfig)
    UART_Start_Receive_DMA                   0x08004c55   Thumb Code   152  stm32g4xx_hal_uart.o(i.UART_Start_Receive_DMA)
    UART_Start_Receive_IT                    0x08004cf9   Thumb Code   274  stm32g4xx_hal_uart.o(i.UART_Start_Receive_IT)
    UART_WaitOnFlagUntilTimeout              0x08004e1d   Thumb Code   152  stm32g4xx_hal_uart.o(i.UART_WaitOnFlagUntilTimeout)
    USART1_IRQHandler                        0x08004eb5   Thumb Code     6  stm32g4xx_it.o(i.USART1_IRQHandler)
    USART2_IRQHandler                        0x08004ec1   Thumb Code   178  stm32g4xx_it.o(i.USART2_IRQHandler)
    UsageFault_Handler                       0x08004f8d   Thumb Code     2  stm32g4xx_it.o(i.UsageFault_Handler)
    __0printf$bare                           0x08004f91   Thumb Code     8  printfb.o(i.__0printf$bare)
    __1printf$bare                           0x08004f91   Thumb Code     0  printfb.o(i.__0printf$bare)
    __2printf                                0x08004f91   Thumb Code     0  printfb.o(i.__0printf$bare)
    __scatterload_copy                       0x08004fc1   Thumb Code    14  handlers.o(i.__scatterload_copy)
    __scatterload_null                       0x08004fcf   Thumb Code     2  handlers.o(i.__scatterload_null)
    __scatterload_zeroinit                   0x08004fd1   Thumb Code    14  handlers.o(i.__scatterload_zeroinit)
    fputc                                    0x08005021   Thumb Code    20  main.o(i.fputc)
    key_prc                                  0x08005039   Thumb Code   164  main.o(i.key_prc)
    main                                     0x080050f5   Thumb Code   230  main.o(i.main)
    read_angle_1                             0x08005205   Thumb Code   150  main.o(i.read_angle_1)
    read_angle_2                             0x080052b9   Thumb Code   150  main.o(i.read_angle_2)
    uart_rx_proc_1                           0x0800536d   Thumb Code   188  main.o(i.uart_rx_proc_1)
    UARTPrescTable                           0x08005440   Data          24  stm32g4xx_hal_uart.o(.constdata)
    AHBPrescTable                            0x08005468   Data          16  system_stm32g4xx.o(.constdata)
    APBPrescTable                            0x08005478   Data           8  system_stm32g4xx.o(.constdata)
    __ctype_categories                       0x08005480   Data          64  ctype_c.o(.constdata)
    Region$$Table$$Base                      0x080054c0   Number         0  anon$$obj.o(Region$$Table)
    Region$$Table$$Limit                     0x080054e0   Number         0  anon$$obj.o(Region$$Table)
    rx_pointer_1                             0x20000000   Data           1  main.o(.data)
    motor_running_1                          0x20000001   Data           1  main.o(.data)
    motor_running_2                          0x20000002   Data           1  main.o(.data)
    rxdat_1                                  0x20000003   Data           1  main.o(.data)
    myYAWCMD                                 0x20000004   Data           3  main.o(.data)
    Motor_Cur_Pos_1                          0x20000008   Data           4  main.o(.data)
    Motor_Cur_Pos_2                          0x2000000c   Data           4  main.o(.data)
    Pulse_exp_Cnt_1                          0x20000010   Data           4  main.o(.data)
    Pulse_exp_Cnt_2                          0x20000014   Data           4  main.o(.data)
    tiaozhen_angle                           0x20000018   Data           4  main.o(.data)
    rx_target_pixel_x                        0x2000001c   Data           4  main.o(.data)
    rx_target_pixel_y                        0x20000020   Data           4  main.o(.data)
    Pulse_Cnt_1                              0x20000024   Data           4  main.o(.data)
    Pulse_Cnt_2                              0x20000028   Data           4  main.o(.data)
    rxFrameFlag_1                            0x2000002c   Data           1  usart.o(.data)
    rxCount_1                                0x2000002d   Data           1  usart.o(.data)
    rxFrameFlag_2                            0x2000002e   Data           1  usart.o(.data)
    rxCount_2                                0x2000002f   Data           1  usart.o(.data)
    WxH                                      0x20000030   Data           2  stm32g4xx_it.o(.data)
    WxL                                      0x20000032   Data           2  stm32g4xx_it.o(.data)
    WyH                                      0x20000034   Data           2  stm32g4xx_it.o(.data)
    WyL                                      0x20000036   Data           2  stm32g4xx_it.o(.data)
    WzH                                      0x20000038   Data           2  stm32g4xx_it.o(.data)
    WzL                                      0x2000003a   Data           2  stm32g4xx_it.o(.data)
    uwTickPrio                               0x20000040   Data           4  stm32g4xx_hal.o(.data)
    uwTickFreq                               0x20000044   Data           4  stm32g4xx_hal.o(.data)
    uwTick                                   0x20000048   Data           4  stm32g4xx_hal.o(.data)
    SystemCoreClock                          0x2000004c   Data           4  system_stm32g4xx.o(.data)
    rx_current_pixel_x                       0x20000058   Data           4  pid.o(.data)
    rx_current_pixel_y                       0x2000005c   Data           4  pid.o(.data)
    __stdout                                 0x20000060   Data           4  stdout.o(.data)
    rxdata_1                                 0x20000064   Data          70  main.o(.bss)
    jy62                                     0x200000aa   Data          33  main.o(.bss)
    hdma_memtomem_dma1_channel1              0x200000cc   Data          96  dma.o(.bss)
    hdma_memtomem_dma2_channel1              0x2000012c   Data          96  dma.o(.bss)
    htim1                                    0x2000018c   Data          76  tim.o(.bss)
    htim3                                    0x200001d8   Data          76  tim.o(.bss)
    htim6                                    0x20000224   Data          76  tim.o(.bss)
    htim7                                    0x20000270   Data          76  tim.o(.bss)
    htim8                                    0x200002bc   Data          76  tim.o(.bss)
    rxCmd_1                                  0x20000308   Data         255  usart.o(.bss)
    rxCmd_2                                  0x20000407   Data         255  usart.o(.bss)
    huart4                                   0x20000508   Data         148  usart.o(.bss)
    huart5                                   0x2000059c   Data         148  usart.o(.bss)
    huart1                                   0x20000630   Data         148  usart.o(.bss)
    huart2                                   0x200006c4   Data         148  usart.o(.bss)
    hdma_uart4_rx                            0x20000758   Data          96  usart.o(.bss)
    hdma_uart4_tx                            0x200007b8   Data          96  usart.o(.bss)
    hdma_uart5_rx                            0x20000818   Data          96  usart.o(.bss)
    hdma_uart5_tx                            0x20000878   Data          96  usart.o(.bss)
    hdma_usart2_rx                           0x200008d8   Data          96  usart.o(.bss)
    hdma_usart2_tx                           0x20000938   Data          96  usart.o(.bss)
    angl                                     0x20000998   Data          12  stm32g4xx_it.o(.bss)
    key                                      0x200009a4   Data          48  interrupt.o(.bss)
    __initial_sp                             0x20000e00   Data           0  startup_stm32g474xx.o(STACK)



==============================================================================

Memory Map of the image

  Image Entry point : 0x080001d9

  Load Region LR_IROM1 (Base: 0x08000000, Size: 0x00005544, Max: 0x00080000, ABSOLUTE)

    Execution Region ER_IROM1 (Exec base: 0x08000000, Load base: 0x08000000, Size: 0x000054e0, Max: 0x00080000, ABSOLUTE)

    Exec Addr    Load Addr    Size         Type   Attr      Idx    E Section Name        Object

    0x08000000   0x08000000   0x000001d8   Data   RO            3    RESET               startup_stm32g474xx.o
    0x080001d8   0x080001d8   0x00000000   Code   RO         4145  * .ARM.Collect$$$$00000000  mc_w.l(entry.o)
    0x080001d8   0x080001d8   0x00000004   Code   RO         4416    .ARM.Collect$$$$00000001  mc_w.l(entry2.o)
    0x080001dc   0x080001dc   0x00000004   Code   RO         4419    .ARM.Collect$$$$00000004  mc_w.l(entry5.o)
    0x080001e0   0x080001e0   0x00000000   Code   RO         4421    .ARM.Collect$$$$00000008  mc_w.l(entry7b.o)
    0x080001e0   0x080001e0   0x00000000   Code   RO         4423    .ARM.Collect$$$$0000000A  mc_w.l(entry8b.o)
    0x080001e0   0x080001e0   0x00000008   Code   RO         4424    .ARM.Collect$$$$0000000B  mc_w.l(entry9a.o)
    0x080001e8   0x080001e8   0x00000004   Code   RO         4431    .ARM.Collect$$$$0000000E  mc_w.l(entry12b.o)
    0x080001ec   0x080001ec   0x00000000   Code   RO         4426    .ARM.Collect$$$$0000000F  mc_w.l(entry10a.o)
    0x080001ec   0x080001ec   0x00000000   Code   RO         4428    .ARM.Collect$$$$00000011  mc_w.l(entry11a.o)
    0x080001ec   0x080001ec   0x00000004   Code   RO         4417    .ARM.Collect$$$$00002712  mc_w.l(entry2.o)
    0x080001f0   0x080001f0   0x00000024   Code   RO            4    .text               startup_stm32g474xx.o
    0x08000214   0x08000214   0x00000062   Code   RO         4148    .text               mc_w.l(uldiv.o)
    0x08000276   0x08000276   0x00000024   Code   RO         4150    .text               mc_w.l(memseta.o)
    0x0800029a   0x0800029a   0x00000002   PAD
    0x0800029c   0x0800029c   0x00000038   Code   RO         4412    .text               mc_w.l(__0sscanf.o)
    0x080002d4   0x080002d4   0x0000014c   Code   RO         4414    .text               mc_w.l(_scanf_int.o)
    0x08000420   0x08000420   0x0000001e   Code   RO         4435    .text               mc_w.l(llshl.o)
    0x0800043e   0x0800043e   0x00000020   Code   RO         4437    .text               mc_w.l(llushr.o)
    0x0800045e   0x0800045e   0x0000001c   Code   RO         4439    .text               mc_w.l(_chval.o)
    0x0800047a   0x0800047a   0x00000002   PAD
    0x0800047c   0x0800047c   0x00000028   Code   RO         4441    .text               mc_w.l(scanf_char.o)
    0x080004a4   0x080004a4   0x00000040   Code   RO         4443    .text               mc_w.l(_sgetc.o)
    0x080004e4   0x080004e4   0x00000024   Code   RO         4456    .text               mc_w.l(init.o)
    0x08000508   0x08000508   0x0000000a   Code   RO         4460    .text               mc_w.l(isspace_c.o)
    0x08000512   0x08000512   0x00000002   PAD
    0x08000514   0x08000514   0x00000330   Code   RO         4462    .text               mc_w.l(_scanf.o)
    0x08000844   0x08000844   0x00000028   Code   RO         4466    .text               mc_w.l(ctype_c.o)
    0x0800086c   0x0800086c   0x00000002   Code   RO          444    i.BusFault_Handler  stm32g4xx_it.o
    0x0800086e   0x0800086e   0x00000002   PAD
    0x08000870   0x08000870   0x0000000c   Code   RO          445    i.DMA1_Channel2_IRQHandler  stm32g4xx_it.o
    0x0800087c   0x0800087c   0x0000000c   Code   RO          446    i.DMA1_Channel3_IRQHandler  stm32g4xx_it.o
    0x08000888   0x08000888   0x0000000c   Code   RO          447    i.DMA1_Channel4_IRQHandler  stm32g4xx_it.o
    0x08000894   0x08000894   0x0000000c   Code   RO          448    i.DMA1_Channel7_IRQHandler  stm32g4xx_it.o
    0x080008a0   0x080008a0   0x0000000c   Code   RO          449    i.DMA2_Channel2_IRQHandler  stm32g4xx_it.o
    0x080008ac   0x080008ac   0x0000000c   Code   RO          450    i.DMA2_Channel7_IRQHandler  stm32g4xx_it.o
    0x080008b8   0x080008b8   0x00000040   Code   RO         3047    i.DMA_CalcDMAMUXChannelBaseAndMask  stm32g4xx_hal_dma.o
    0x080008f8   0x080008f8   0x00000024   Code   RO         3048    i.DMA_CalcDMAMUXRequestGenBaseAndMask  stm32g4xx_hal_dma.o
    0x0800091c   0x0800091c   0x00000042   Code   RO         3049    i.DMA_SetConfig     stm32g4xx_hal_dma.o
    0x0800095e   0x0800095e   0x00000002   Code   RO          451    i.DebugMon_Handler  stm32g4xx_it.o
    0x08000960   0x08000960   0x00000004   Code   RO           13    i.Error_Handler     main.o
    0x08000964   0x08000964   0x00000068   Code   RO         3050    i.HAL_DMA_Abort     stm32g4xx_hal_dma.o
    0x080009cc   0x080009cc   0x00000076   Code   RO         3051    i.HAL_DMA_Abort_IT  stm32g4xx_hal_dma.o
    0x08000a42   0x08000a42   0x00000004   Code   RO         3053    i.HAL_DMA_GetError  stm32g4xx_hal_dma.o
    0x08000a46   0x08000a46   0x000000cc   Code   RO         3055    i.HAL_DMA_IRQHandler  stm32g4xx_hal_dma.o
    0x08000b12   0x08000b12   0x00000002   PAD
    0x08000b14   0x08000b14   0x000000c0   Code   RO         3056    i.HAL_DMA_Init      stm32g4xx_hal_dma.o
    0x08000bd4   0x08000bd4   0x00000090   Code   RO         3060    i.HAL_DMA_Start_IT  stm32g4xx_hal_dma.o
    0x08000c64   0x08000c64   0x00000024   Code   RO         2137    i.HAL_Delay         stm32g4xx_hal.o
    0x08000c88   0x08000c88   0x000001b0   Code   RO         2912    i.HAL_GPIO_Init     stm32g4xx_hal_gpio.o
    0x08000e38   0x08000e38   0x0000000e   Code   RO         2914    i.HAL_GPIO_ReadPin  stm32g4xx_hal_gpio.o
    0x08000e46   0x08000e46   0x0000000c   Code   RO         2916    i.HAL_GPIO_WritePin  stm32g4xx_hal_gpio.o
    0x08000e52   0x08000e52   0x00000002   PAD
    0x08000e54   0x08000e54   0x0000000c   Code   RO         2141    i.HAL_GetTick       stm32g4xx_hal.o
    0x08000e60   0x08000e60   0x00000010   Code   RO         2147    i.HAL_IncTick       stm32g4xx_hal.o
    0x08000e70   0x08000e70   0x0000001e   Code   RO         2148    i.HAL_Init          stm32g4xx_hal.o
    0x08000e8e   0x08000e8e   0x00000002   PAD
    0x08000e90   0x08000e90   0x0000004c   Code   RO         2149    i.HAL_InitTick      stm32g4xx_hal.o
    0x08000edc   0x08000edc   0x00000030   Code   RO          615    i.HAL_MspInit       stm32g4xx_hal_msp.o
    0x08000f0c   0x08000f0c   0x0000001a   Code   RO         3321    i.HAL_NVIC_EnableIRQ  stm32g4xx_hal_cortex.o
    0x08000f26   0x08000f26   0x00000002   PAD
    0x08000f28   0x08000f28   0x00000040   Code   RO         3327    i.HAL_NVIC_SetPriority  stm32g4xx_hal_cortex.o
    0x08000f68   0x08000f68   0x00000024   Code   RO         3328    i.HAL_NVIC_SetPriorityGrouping  stm32g4xx_hal_cortex.o
    0x08000f8c   0x08000f8c   0x000000cc   Code   RO         1891    i.HAL_PWREx_ControlVoltageScaling  stm32g4xx_hal_pwr_ex.o
    0x08001058   0x08001058   0x00000010   Code   RO         1903    i.HAL_PWREx_DisableUCPDDeadBattery  stm32g4xx_hal_pwr_ex.o
    0x08001068   0x08001068   0x00000310   Code   RO         2513    i.HAL_RCCEx_PeriphCLKConfig  stm32g4xx_hal_rcc_ex.o
    0x08001378   0x08001378   0x000001c8   Code   RO         2383    i.HAL_RCC_ClockConfig  stm32g4xx_hal_rcc.o
    0x08001540   0x08001540   0x0000000c   Code   RO         2389    i.HAL_RCC_GetHCLKFreq  stm32g4xx_hal_rcc.o
    0x0800154c   0x0800154c   0x00000024   Code   RO         2391    i.HAL_RCC_GetPCLK1Freq  stm32g4xx_hal_rcc.o
    0x08001570   0x08001570   0x00000024   Code   RO         2392    i.HAL_RCC_GetPCLK2Freq  stm32g4xx_hal_rcc.o
    0x08001594   0x08001594   0x00000074   Code   RO         2393    i.HAL_RCC_GetSysClockFreq  stm32g4xx_hal_rcc.o
    0x08001608   0x08001608   0x00000450   Code   RO         2396    i.HAL_RCC_OscConfig  stm32g4xx_hal_rcc.o
    0x08001a58   0x08001a58   0x00000028   Code   RO         3332    i.HAL_SYSTICK_Config  stm32g4xx_hal_cortex.o
    0x08001a80   0x08001a80   0x00000002   Code   RO         1461    i.HAL_TIMEx_Break2Callback  stm32g4xx_hal_tim_ex.o
    0x08001a82   0x08001a82   0x00000002   Code   RO         1462    i.HAL_TIMEx_BreakCallback  stm32g4xx_hal_tim_ex.o
    0x08001a84   0x08001a84   0x00000002   Code   RO         1463    i.HAL_TIMEx_CommutCallback  stm32g4xx_hal_tim_ex.o
    0x08001a86   0x08001a86   0x00000002   PAD
    0x08001a88   0x08001a88   0x000000a8   Code   RO         1466    i.HAL_TIMEx_ConfigBreakDeadTime  stm32g4xx_hal_tim_ex.o
    0x08001b30   0x08001b30   0x00000002   Code   RO         1474    i.HAL_TIMEx_DirectionChangeCallback  stm32g4xx_hal_tim_ex.o
    0x08001b32   0x08001b32   0x00000002   Code   RO         1488    i.HAL_TIMEx_EncoderIndexCallback  stm32g4xx_hal_tim_ex.o
    0x08001b34   0x08001b34   0x00000002   Code   RO         1502    i.HAL_TIMEx_IndexErrorCallback  stm32g4xx_hal_tim_ex.o
    0x08001b36   0x08001b36   0x00000002   PAD
    0x08001b38   0x08001b38   0x000000b8   Code   RO         1503    i.HAL_TIMEx_MasterConfigSynchronization  stm32g4xx_hal_tim_ex.o
    0x08001bf0   0x08001bf0   0x00000002   Code   RO         1524    i.HAL_TIMEx_TransitionErrorCallback  stm32g4xx_hal_tim_ex.o
    0x08001bf2   0x08001bf2   0x0000004e   Code   RO          736    i.HAL_TIM_Base_Init  stm32g4xx_hal_tim.o
    0x08001c40   0x08001c40   0x000000f4   Code   RO          307    i.HAL_TIM_Base_MspInit  tim.o
    0x08001d34   0x08001d34   0x00000094   Code   RO          741    i.HAL_TIM_Base_Start_IT  stm32g4xx_hal_tim.o
    0x08001dc8   0x08001dc8   0x00000030   Code   RO          744    i.HAL_TIM_Base_Stop_IT  stm32g4xx_hal_tim.o
    0x08001df8   0x08001df8   0x000000f8   Code   RO          745    i.HAL_TIM_ConfigClockSource  stm32g4xx_hal_tim.o
    0x08001ef0   0x08001ef0   0x00000002   Code   RO          770    i.HAL_TIM_IC_CaptureCallback  stm32g4xx_hal_tim.o
    0x08001ef2   0x08001ef2   0x000001aa   Code   RO          784    i.HAL_TIM_IRQHandler  stm32g4xx_hal_tim.o
    0x0800209c   0x0800209c   0x00000080   Code   RO          308    i.HAL_TIM_MspPostInit  tim.o
    0x0800211c   0x0800211c   0x00000002   Code   RO          787    i.HAL_TIM_OC_DelayElapsedCallback  stm32g4xx_hal_tim.o
    0x0800211e   0x0800211e   0x00000136   Code   RO          808    i.HAL_TIM_PWM_ConfigChannel  stm32g4xx_hal_tim.o
    0x08002254   0x08002254   0x0000004e   Code   RO          811    i.HAL_TIM_PWM_Init  stm32g4xx_hal_tim.o
    0x080022a2   0x080022a2   0x00000002   Code   RO          813    i.HAL_TIM_PWM_MspInit  stm32g4xx_hal_tim.o
    0x080022a4   0x080022a4   0x00000002   Code   RO          814    i.HAL_TIM_PWM_PulseFinishedCallback  stm32g4xx_hal_tim.o
    0x080022a6   0x080022a6   0x00000002   PAD
    0x080022a8   0x080022a8   0x0000012c   Code   RO          816    i.HAL_TIM_PWM_Start  stm32g4xx_hal_tim.o
    0x080023d4   0x080023d4   0x000000b8   Code   RO          819    i.HAL_TIM_PWM_Stop  stm32g4xx_hal_tim.o
    0x0800248c   0x0800248c   0x000001b8   Code   RO         4047    i.HAL_TIM_PeriodElapsedCallback  interrupt.o
    0x08002644   0x08002644   0x00000002   Code   RO          827    i.HAL_TIM_TriggerCallback  stm32g4xx_hal_tim.o
    0x08002646   0x08002646   0x0000003e   Code   RO         3886    i.HAL_UARTEx_DisableFifoMode  stm32g4xx_hal_uart_ex.o
    0x08002684   0x08002684   0x00000002   Code   RO         3470    i.HAL_UARTEx_RxEventCallback  stm32g4xx_hal_uart.o
    0x08002686   0x08002686   0x00000002   Code   RO         3894    i.HAL_UARTEx_RxFifoFullCallback  stm32g4xx_hal_uart_ex.o
    0x08002688   0x08002688   0x0000004c   Code   RO         3895    i.HAL_UARTEx_SetRxFifoThreshold  stm32g4xx_hal_uart_ex.o
    0x080026d4   0x080026d4   0x0000004c   Code   RO         3896    i.HAL_UARTEx_SetTxFifoThreshold  stm32g4xx_hal_uart_ex.o
    0x08002720   0x08002720   0x00000002   Code   RO         3898    i.HAL_UARTEx_TxFifoEmptyCallback  stm32g4xx_hal_uart_ex.o
    0x08002722   0x08002722   0x00000002   Code   RO         3899    i.HAL_UARTEx_WakeupCallback  stm32g4xx_hal_uart_ex.o
    0x08002724   0x08002724   0x0000009e   Code   RO         3482    i.HAL_UART_DMAStop  stm32g4xx_hal_uart.o
    0x080027c2   0x080027c2   0x00000002   Code   RO         3486    i.HAL_UART_ErrorCallback  stm32g4xx_hal_uart.o
    0x080027c4   0x080027c4   0x00000324   Code   RO         3489    i.HAL_UART_IRQHandler  stm32g4xx_hal_uart.o
    0x08002ae8   0x08002ae8   0x00000070   Code   RO         3490    i.HAL_UART_Init     stm32g4xx_hal_uart.o
    0x08002b58   0x08002b58   0x0000037c   Code   RO          379    i.HAL_UART_MspInit  usart.o
    0x08002ed4   0x08002ed4   0x00000048   Code   RO         3494    i.HAL_UART_Receive_DMA  stm32g4xx_hal_uart.o
    0x08002f1c   0x08002f1c   0x00000048   Code   RO         3495    i.HAL_UART_Receive_IT  stm32g4xx_hal_uart.o
    0x08002f64   0x08002f64   0x00000034   Code   RO           14    i.HAL_UART_RxCpltCallback  main.o
    0x08002f98   0x08002f98   0x00000002   Code   RO         3498    i.HAL_UART_RxHalfCpltCallback  stm32g4xx_hal_uart.o
    0x08002f9a   0x08002f9a   0x000000b8   Code   RO         3499    i.HAL_UART_Transmit  stm32g4xx_hal_uart.o
    0x08003052   0x08003052   0x00000002   PAD
    0x08003054   0x08003054   0x00000090   Code   RO         3500    i.HAL_UART_Transmit_DMA  stm32g4xx_hal_uart.o
    0x080030e4   0x080030e4   0x00000002   Code   RO         3502    i.HAL_UART_TxCpltCallback  stm32g4xx_hal_uart.o
    0x080030e6   0x080030e6   0x00000002   Code   RO         3503    i.HAL_UART_TxHalfCpltCallback  stm32g4xx_hal_uart.o
    0x080030e8   0x080030e8   0x00000002   Code   RO          452    i.HardFault_Handler  stm32g4xx_it.o
    0x080030ea   0x080030ea   0x00000002   PAD
    0x080030ec   0x080030ec   0x000000f4   Code   RO          276    i.MX_DMA_Init       dma.o
    0x080031e0   0x080031e0   0x000000a4   Code   RO          252    i.MX_GPIO_Init      gpio.o
    0x08003284   0x08003284   0x0000006c   Code   RO          309    i.MX_TIM1_Init      tim.o
    0x080032f0   0x080032f0   0x0000009c   Code   RO          310    i.MX_TIM3_Init      tim.o
    0x0800338c   0x0800338c   0x00000048   Code   RO          311    i.MX_TIM6_Init      tim.o
    0x080033d4   0x080033d4   0x00000048   Code   RO          312    i.MX_TIM7_Init      tim.o
    0x0800341c   0x0800341c   0x000000dc   Code   RO          313    i.MX_TIM8_Init      tim.o
    0x080034f8   0x080034f8   0x00000068   Code   RO          380    i.MX_UART4_Init     usart.o
    0x08003560   0x08003560   0x00000068   Code   RO          381    i.MX_UART5_Init     usart.o
    0x080035c8   0x080035c8   0x00000068   Code   RO          382    i.MX_USART1_UART_Init  usart.o
    0x08003630   0x08003630   0x00000068   Code   RO          383    i.MX_USART2_UART_Init  usart.o
    0x08003698   0x08003698   0x00000002   Code   RO          453    i.MemManage_Handler  stm32g4xx_it.o
    0x0800369a   0x0800369a   0x00000002   PAD
    0x0800369c   0x0800369c   0x00000074   Code   RO           15    i.Motor1_Set_angle  main.o
    0x08003710   0x08003710   0x00000074   Code   RO           16    i.Motor2_Set_angle  main.o
    0x08003784   0x08003784   0x00000002   Code   RO          454    i.NMI_Handler       stm32g4xx_it.o
    0x08003786   0x08003786   0x00000002   PAD
    0x08003788   0x08003788   0x000000a4   Code   RO         4083    i.PID_Control       pid.o
    0x0800382c   0x0800382c   0x0000009c   Code   RO         4084    i.PID_ControlLoop_X  pid.o
    0x080038c8   0x080038c8   0x0000009c   Code   RO         4085    i.PID_ControlLoop_Y  pid.o
    0x08003964   0x08003964   0x00000024   Code   RO         4086    i.PID_Control_x     pid.o
    0x08003988   0x08003988   0x00000024   Code   RO         4087    i.PID_Control_y     pid.o
    0x080039ac   0x080039ac   0x00000070   Code   RO         4088    i.PID_to_PSC        pid.o
    0x08003a1c   0x08003a1c   0x00000002   Code   RO          455    i.PendSV_Handler    stm32g4xx_it.o
    0x08003a1e   0x08003a1e   0x00000002   PAD
    0x08003a20   0x08003a20   0x00000050   Code   RO         2397    i.RCC_GetSysClockFreqFromPLLSource  stm32g4xx_hal_rcc.o
    0x08003a70   0x08003a70   0x00000002   Code   RO          456    i.SVC_Handler       stm32g4xx_it.o
    0x08003a72   0x08003a72   0x00000004   Code   RO          457    i.SysTick_Handler   stm32g4xx_it.o
    0x08003a76   0x08003a76   0x00000064   Code   RO           17    i.SystemClock_Config  main.o
    0x08003ada   0x08003ada   0x00000002   PAD
    0x08003adc   0x08003adc   0x00000010   Code   RO         4010    i.SystemInit        system_stm32g4xx.o
    0x08003aec   0x08003aec   0x0000000c   Code   RO          458    i.TIM1_UP_TIM16_IRQHandler  stm32g4xx_it.o
    0x08003af8   0x08003af8   0x0000000c   Code   RO          459    i.TIM3_IRQHandler   stm32g4xx_it.o
    0x08003b04   0x08003b04   0x0000000c   Code   RO          460    i.TIM6_DAC_IRQHandler  stm32g4xx_it.o
    0x08003b10   0x08003b10   0x0000000c   Code   RO          461    i.TIM7_DAC_IRQHandler  stm32g4xx_it.o
    0x08003b1c   0x08003b1c   0x0000000c   Code   RO          462    i.TIM8_UP_IRQHandler  stm32g4xx_it.o
    0x08003b28   0x08003b28   0x000000e4   Code   RO          829    i.TIM_Base_SetConfig  stm32g4xx_hal_tim.o
    0x08003c0c   0x08003c0c   0x0000001a   Code   RO          830    i.TIM_CCxChannelCmd  stm32g4xx_hal_tim.o
    0x08003c26   0x08003c26   0x00000014   Code   RO          840    i.TIM_ETR_SetConfig  stm32g4xx_hal_tim.o
    0x08003c3a   0x08003c3a   0x00000002   PAD
    0x08003c3c   0x08003c3c   0x00000014   Code   RO          841    i.TIM_ITRx_SetConfig  stm32g4xx_hal_tim.o
    0x08003c50   0x08003c50   0x000000b0   Code   RO          842    i.TIM_OC1_SetConfig  stm32g4xx_hal_tim.o
    0x08003d00   0x08003d00   0x000000a4   Code   RO          843    i.TIM_OC2_SetConfig  stm32g4xx_hal_tim.o
    0x08003da4   0x08003da4   0x000000a4   Code   RO          844    i.TIM_OC3_SetConfig  stm32g4xx_hal_tim.o
    0x08003e48   0x08003e48   0x000000a4   Code   RO          845    i.TIM_OC4_SetConfig  stm32g4xx_hal_tim.o
    0x08003eec   0x08003eec   0x00000078   Code   RO          846    i.TIM_OC5_SetConfig  stm32g4xx_hal_tim.o
    0x08003f64   0x08003f64   0x0000007c   Code   RO          847    i.TIM_OC6_SetConfig  stm32g4xx_hal_tim.o
    0x08003fe0   0x08003fe0   0x00000022   Code   RO          849    i.TIM_TI1_ConfigInputStage  stm32g4xx_hal_tim.o
    0x08004002   0x08004002   0x00000024   Code   RO          851    i.TIM_TI2_ConfigInputStage  stm32g4xx_hal_tim.o
    0x08004026   0x08004026   0x00000002   PAD
    0x08004028   0x08004028   0x00000054   Code   RO          463    i.UART4_IRQHandler  stm32g4xx_it.o
    0x0800407c   0x0800407c   0x00000054   Code   RO          464    i.UART5_IRQHandler  stm32g4xx_it.o
    0x080040d0   0x080040d0   0x00000048   Code   RO         3900    i.UARTEx_SetNbDataToProcess  stm32g4xx_hal_uart_ex.o
    0x08004118   0x08004118   0x000000c8   Code   RO         3504    i.UART_AdvFeatureConfig  stm32g4xx_hal_uart.o
    0x080041e0   0x080041e0   0x000000aa   Code   RO         3505    i.UART_CheckIdleState  stm32g4xx_hal_uart.o
    0x0800428a   0x0800428a   0x00000010   Code   RO         3506    i.UART_DMAAbortOnError  stm32g4xx_hal_uart.o
    0x0800429a   0x0800429a   0x00000050   Code   RO         3507    i.UART_DMAError     stm32g4xx_hal_uart.o
    0x080042ea   0x080042ea   0x00000086   Code   RO         3508    i.UART_DMAReceiveCplt  stm32g4xx_hal_uart.o
    0x08004370   0x08004370   0x00000020   Code   RO         3510    i.UART_DMARxHalfCplt  stm32g4xx_hal_uart.o
    0x08004390   0x08004390   0x00000042   Code   RO         3512    i.UART_DMATransmitCplt  stm32g4xx_hal_uart.o
    0x080043d2   0x080043d2   0x0000000a   Code   RO         3514    i.UART_DMATxHalfCplt  stm32g4xx_hal_uart.o
    0x080043dc   0x080043dc   0x00000054   Code   RO         3516    i.UART_EndRxTransfer  stm32g4xx_hal_uart.o
    0x08004430   0x08004430   0x00000024   Code   RO         3517    i.UART_EndTransmit_IT  stm32g4xx_hal_uart.o
    0x08004454   0x08004454   0x0000002e   Code   RO         3518    i.UART_EndTxTransfer  stm32g4xx_hal_uart.o
    0x08004482   0x08004482   0x00000002   PAD
    0x08004484   0x08004484   0x000000c8   Code   RO         3519    i.UART_RxISR_16BIT  stm32g4xx_hal_uart.o
    0x0800454c   0x0800454c   0x00000198   Code   RO         3520    i.UART_RxISR_16BIT_FIFOEN  stm32g4xx_hal_uart.o
    0x080046e4   0x080046e4   0x000000c8   Code   RO         3521    i.UART_RxISR_8BIT   stm32g4xx_hal_uart.o
    0x080047ac   0x080047ac   0x00000198   Code   RO         3522    i.UART_RxISR_8BIT_FIFOEN  stm32g4xx_hal_uart.o
    0x08004944   0x08004944   0x00000310   Code   RO         3523    i.UART_SetConfig    stm32g4xx_hal_uart.o
    0x08004c54   0x08004c54   0x000000a4   Code   RO         3524    i.UART_Start_Receive_DMA  stm32g4xx_hal_uart.o
    0x08004cf8   0x08004cf8   0x00000124   Code   RO         3525    i.UART_Start_Receive_IT  stm32g4xx_hal_uart.o
    0x08004e1c   0x08004e1c   0x00000098   Code   RO         3530    i.UART_WaitOnFlagUntilTimeout  stm32g4xx_hal_uart.o
    0x08004eb4   0x08004eb4   0x0000000c   Code   RO          465    i.USART1_IRQHandler  stm32g4xx_it.o
    0x08004ec0   0x08004ec0   0x000000cc   Code   RO          466    i.USART2_IRQHandler  stm32g4xx_it.o
    0x08004f8c   0x08004f8c   0x00000002   Code   RO          467    i.UsageFault_Handler  stm32g4xx_it.o
    0x08004f8e   0x08004f8e   0x00000002   PAD
    0x08004f90   0x08004f90   0x00000010   Code   RO         4153    i.__0printf$bare    mc_w.l(printfb.o)
    0x08004fa0   0x08004fa0   0x00000020   Code   RO         3334    i.__NVIC_SetPriority  stm32g4xx_hal_cortex.o
    0x08004fc0   0x08004fc0   0x0000000e   Code   RO         4471    i.__scatterload_copy  mc_w.l(handlers.o)
    0x08004fce   0x08004fce   0x00000002   Code   RO         4472    i.__scatterload_null  mc_w.l(handlers.o)
    0x08004fd0   0x08004fd0   0x0000000e   Code   RO         4473    i.__scatterload_zeroinit  mc_w.l(handlers.o)
    0x08004fde   0x08004fde   0x00000022   Code   RO         4160    i._printf_core      mc_w.l(printfb.o)
    0x08005000   0x08005000   0x00000020   Code   RO         4089    i.clamp             pid.o
    0x08005020   0x08005020   0x00000018   Code   RO           18    i.fputc             main.o
    0x08005038   0x08005038   0x000000bc   Code   RO           19    i.key_prc           main.o
    0x080050f4   0x080050f4   0x00000110   Code   RO           20    i.main              main.o
    0x08005204   0x08005204   0x000000b4   Code   RO           22    i.read_angle_1      main.o
    0x080052b8   0x080052b8   0x000000b4   Code   RO           23    i.read_angle_2      main.o
    0x0800536c   0x0800536c   0x000000d4   Code   RO           24    i.uart_rx_proc_1    main.o
    0x08005440   0x08005440   0x00000018   Data   RO         3531    .constdata          stm32g4xx_hal_uart.o
    0x08005458   0x08005458   0x00000010   Data   RO         3902    .constdata          stm32g4xx_hal_uart_ex.o
    0x08005468   0x08005468   0x00000010   Data   RO         4011    .constdata          system_stm32g4xx.o
    0x08005478   0x08005478   0x00000008   Data   RO         4012    .constdata          system_stm32g4xx.o
    0x08005480   0x08005480   0x00000040   Data   RO         4467    .constdata          mc_w.l(ctype_c.o)
    0x080054c0   0x080054c0   0x00000020   Data   RO         4469    Region$$Table       anon$$obj.o


    Execution Region RW_IRAM1 (Exec base: 0x20000000, Load base: 0x080054e0, Size: 0x00000e00, Max: 0x00020000, ABSOLUTE)

    Exec Addr    Load Addr    Size         Type   Attr      Idx    E Section Name        Object

    0x20000000   0x080054e0   0x00000024   Data   RW           26    .data               main.o
    0x20000024   0x08005504   0x00000004   Data   RW           27    .data               main.o
    0x20000028   0x08005508   0x00000004   Data   RW           28    .data               main.o
    0x2000002c   0x0800550c   0x00000001   Data   RW          387    .data               usart.o
    0x2000002d   0x0800550d   0x00000001   Data   RW          388    .data               usart.o
    0x2000002e   0x0800550e   0x00000001   Data   RW          389    .data               usart.o
    0x2000002f   0x0800550f   0x00000001   Data   RW          390    .data               usart.o
    0x20000030   0x08005510   0x00000010   Data   RW          470    .data               stm32g4xx_it.o
    0x20000040   0x08005520   0x0000000c   Data   RW         2168    .data               stm32g4xx_hal.o
    0x2000004c   0x0800552c   0x00000004   Data   RW         4013    .data               system_stm32g4xx.o
    0x20000050   0x08005530   0x00000002   Data   RW         4050    .data               interrupt.o
    0x20000052   0x08005532   0x00000002   PAD
    0x20000054   0x08005534   0x0000000c   Data   RW         4091    .data               pid.o
    0x20000060   0x08005540   0x00000004   Data   RW         4432    .data               mc_w.l(stdout.o)
    0x20000064        -       0x00000067   Zero   RW           25    .bss                main.o
    0x200000cb   0x08005544   0x00000001   PAD
    0x200000cc        -       0x000000c0   Zero   RW          277    .bss                dma.o
    0x2000018c        -       0x0000017c   Zero   RW          314    .bss                tim.o
    0x20000308        -       0x000000ff   Zero   RW          384    .bss                usart.o
    0x20000407        -       0x000000ff   Zero   RW          385    .bss                usart.o
    0x20000506   0x08005544   0x00000002   PAD
    0x20000508        -       0x00000490   Zero   RW          386    .bss                usart.o
    0x20000998        -       0x0000000c   Zero   RW          468    .bss                stm32g4xx_it.o
    0x200009a4        -       0x00000030   Zero   RW         4048    .bss                interrupt.o
    0x200009d4        -       0x00000028   Zero   RW         4090    .bss                pid.o
    0x200009fc   0x08005544   0x00000004   PAD
    0x20000a00        -       0x00000400   Zero   RW            1    STACK               startup_stm32g474xx.o


==============================================================================

Image component sizes


      Code (inc. data)   RO Data    RW Data    ZI Data      Debug   Object Name

       244         16          0          0        192       1220   dma.o
       164         12          0          0          0        967   gpio.o
       440         72          0          2         48       2477   interrupt.o
      1444        210          0         44        103     845816   main.o
       692        106          0         12         40       6030   pid.o
        36          8        472          0       1024        816   startup_stm32g474xx.o
       170         22          0         12          0       4161   stm32g4xx_hal.o
       198         14          0          0          0      33795   stm32g4xx_hal_cortex.o
       932         28          0          0          0       6929   stm32g4xx_hal_dma.o
       458         32          0          0          0       2851   stm32g4xx_hal_gpio.o
        48          6          0          0          0     865227   stm32g4xx_hal_msp.o
       220         18          0          0          0       1421   stm32g4xx_hal_pwr_ex.o
      1840         96          0          0          0       7956   stm32g4xx_hal_rcc.o
       784          8          0          0          0       2008   stm32g4xx_hal_rcc_ex.o
      3106        316          0          0          0      19930   stm32g4xx_hal_tim.o
       366         46          0          0          0       6312   stm32g4xx_hal_tim_ex.o
      5038        186         24          0          0      46513   stm32g4xx_hal_uart.o
       292          6         16          0          0       5258   stm32g4xx_hal_uart_ex.o
       536        138          0         16         12      12284   stm32g4xx_it.o
        16          4         24          4          0       1055   system_stm32g4xx.o
      1000         82          0          0        380       5292   tim.o
      1308         86          0          4       1678       4919   usart.o

    ----------------------------------------------------------------------
     19368       1512        568         96       3484    1883237   Object Totals
         0          0         32          0          0          0   (incl. Generated)
        36          0          0          2          7          0   (incl. Padding)

    ----------------------------------------------------------------------

      Code (inc. data)   RO Data    RW Data    ZI Data      Debug   Library Member Name

        56          8          0          0          0         84   __0sscanf.o
        28          0          0          0          0         68   _chval.o
       816          6          0          0          0        112   _scanf.o
       332          0          0          0          0         96   _scanf_int.o
        64          0          0          0          0         84   _sgetc.o
        40          6         64          0          0         68   ctype_c.o
         0          0          0          0          0          0   entry.o
         0          0          0          0          0          0   entry10a.o
         0          0          0          0          0          0   entry11a.o
         4          0          0          0          0          0   entry12b.o
         8          4          0          0          0          0   entry2.o
         4          0          0          0          0          0   entry5.o
         0          0          0          0          0          0   entry7b.o
         0          0          0          0          0          0   entry8b.o
         8          4          0          0          0          0   entry9a.o
        30          0          0          0          0          0   handlers.o
        36          8          0          0          0         68   init.o
        10          0          0          0          0         68   isspace_c.o
        30          0          0          0          0         68   llshl.o
        32          0          0          0          0         68   llushr.o
        36          0          0          0          0        108   memseta.o
        50          8          0          0          0        152   printfb.o
        40          8          0          0          0         84   scanf_char.o
         0          0          0          4          0          0   stdout.o
        98          0          0          0          0         92   uldiv.o

    ----------------------------------------------------------------------
      1728         52         64          4          0       1220   Library Totals
         6          0          0          0          0          0   (incl. Padding)

    ----------------------------------------------------------------------

      Code (inc. data)   RO Data    RW Data    ZI Data      Debug   Library Name

      1722         52         64          4          0       1220   mc_w.l

    ----------------------------------------------------------------------
      1728         52         64          4          0       1220   Library Totals

    ----------------------------------------------------------------------

==============================================================================


      Code (inc. data)   RO Data    RW Data    ZI Data      Debug   

     21096       1564        632        100       3484    1868289   Grand Totals
     21096       1564        632        100       3484    1868289   ELF Image Totals
     21096       1564        632        100          0          0   ROM Totals

==============================================================================

    Total RO  Size (Code + RO Data)                21728 (  21.22kB)
    Total RW  Size (RW Data + ZI Data)              3584 (   3.50kB)
    Total ROM Size (Code + RO Data + RW Data)      21828 (  21.32kB)

==============================================================================

